Archive member included because of file (symbol)

c:/winavr-20081205/bin/../lib/gcc/avr/4.3.2/avr5\libgcc.a(_udivmodhi4.o)
                              ADCcontrol.o (__udivmodhi4)
c:/winavr-20081205/bin/../lib/gcc/avr/4.3.2/avr5\libgcc.a(_exit.o)
                              c:/winavr-20081205/bin/../lib/gcc/avr/4.3.2/../../../../avr/lib/avr5/crtm32.o (exit)
c:/winavr-20081205/bin/../lib/gcc/avr/4.3.2/avr5\libgcc.a(_copy_data.o)
                              Proto2.o (__do_copy_data)
c:/winavr-20081205/bin/../lib/gcc/avr/4.3.2/avr5\libgcc.a(_clear_bss.o)
                              Proto2.o (__do_clear_bss)
c:/winavr-20081205/bin/../lib/gcc/avr/4.3.2/avr5\libgcc.a(_addsub_sf.o)
                              ADCcontrol.o (__subsf3)
c:/winavr-20081205/bin/../lib/gcc/avr/4.3.2/avr5\libgcc.a(_mul_sf.o)
                              ADCcontrol.o (__mulsf3)
c:/winavr-20081205/bin/../lib/gcc/avr/4.3.2/avr5\libgcc.a(_div_sf.o)
                              ADCcontrol.o (__divsf3)
c:/winavr-20081205/bin/../lib/gcc/avr/4.3.2/avr5\libgcc.a(_gt_sf.o)
                              ADCcontrol.o (__gtsf2)
c:/winavr-20081205/bin/../lib/gcc/avr/4.3.2/avr5\libgcc.a(_ge_sf.o)
                              moteur.o (__gesf2)
c:/winavr-20081205/bin/../lib/gcc/avr/4.3.2/avr5\libgcc.a(_lt_sf.o)
                              ADCcontrol.o (__ltsf2)
c:/winavr-20081205/bin/../lib/gcc/avr/4.3.2/avr5\libgcc.a(_le_sf.o)
                              moteur.o (__lesf2)
c:/winavr-20081205/bin/../lib/gcc/avr/4.3.2/avr5\libgcc.a(_si_to_sf.o)
                              moteur.o (__floatsisf)
c:/winavr-20081205/bin/../lib/gcc/avr/4.3.2/avr5\libgcc.a(_sf_to_si.o)
                              motorControl.o (__fixsfsi)
c:/winavr-20081205/bin/../lib/gcc/avr/4.3.2/avr5\libgcc.a(_thenan_sf.o)
                              c:/winavr-20081205/bin/../lib/gcc/avr/4.3.2/avr5\libgcc.a(_addsub_sf.o) (__thenan_sf)
c:/winavr-20081205/bin/../lib/gcc/avr/4.3.2/avr5\libgcc.a(_usi_to_sf.o)
                              ADCcontrol.o (__floatunsisf)
c:/winavr-20081205/bin/../lib/gcc/avr/4.3.2/avr5\libgcc.a(_prologue.o)
                              c:/winavr-20081205/bin/../lib/gcc/avr/4.3.2/avr5\libgcc.a(_addsub_sf.o) (__prologue_saves__)
c:/winavr-20081205/bin/../lib/gcc/avr/4.3.2/avr5\libgcc.a(_epilogue.o)
                              c:/winavr-20081205/bin/../lib/gcc/avr/4.3.2/avr5\libgcc.a(_addsub_sf.o) (__epilogue_restores__)
c:/winavr-20081205/bin/../lib/gcc/avr/4.3.2/avr5\libgcc.a(_clzsi2.o)
                              c:/winavr-20081205/bin/../lib/gcc/avr/4.3.2/avr5\libgcc.a(_si_to_sf.o) (__clzsi2)
c:/winavr-20081205/bin/../lib/gcc/avr/4.3.2/avr5\libgcc.a(_pack_sf.o)
                              c:/winavr-20081205/bin/../lib/gcc/avr/4.3.2/avr5\libgcc.a(_addsub_sf.o) (__pack_f)
c:/winavr-20081205/bin/../lib/gcc/avr/4.3.2/avr5\libgcc.a(_unpack_sf.o)
                              c:/winavr-20081205/bin/../lib/gcc/avr/4.3.2/avr5\libgcc.a(_addsub_sf.o) (__unpack_f)
c:/winavr-20081205/bin/../lib/gcc/avr/4.3.2/avr5\libgcc.a(_fpcmp_parts_sf.o)
                              c:/winavr-20081205/bin/../lib/gcc/avr/4.3.2/avr5\libgcc.a(_gt_sf.o) (__fpcmp_parts_f)
c:/winavr-20081205/bin/../lib/gcc/avr/4.3.2/avr5\libgcc.a(_clz.o)
                              c:/winavr-20081205/bin/../lib/gcc/avr/4.3.2/avr5\libgcc.a(_clzsi2.o) (__clz_tab)

Allocating common symbols
Common symbol       size              file

computedCommand     0x8               Proto2.o
adcValues           0x8               Proto2.o
twiStateMachine     0x1               Proto2.o
objectDetectedLeft  0x1               Proto2.o
rightLimits         0x24              Proto2.o
ADCcalib_value      0x4               Proto2.o
leftPingFlag        0x1               Proto2.o
string_valueToSend  0x4               Proto2.o
patate              0x1               Proto2.o
timer1ReadyFlag     0x1               Proto2.o
adcCompletedFlag    0x1               Proto2.o
dataToCompute       0x1               Proto2.o
pingCounter         0x1               Proto2.o
convertedMotorSpeed
                    0x4               Proto2.o
patate2             0x1               Proto2.o
ActualValueRight    0x2               Proto2.o
leftObjectLed       0x1               Proto2.o
dutyCycleRight      0x4               Proto2.o
TWIstate            0x1               Proto2.o
ledState            0x8               Proto2.o
SonarData           0xe               Proto2.o
adcMUXValue         0x1               Proto2.o
actualCommand       0x2               Proto2.o
requestedCommand    0x2               Proto2.o
i                   0x1               Proto2.o
stopFlag            0x1               Proto2.o
allo                0x4               Proto2.o
rightPingFlag       0x1               Proto2.o
rightObjectLed      0x1               Proto2.o
TotalValueLeft      0x2               Proto2.o
leftLimits          0x24              Proto2.o
data                0x1               Proto2.o
ReceiverState       0x1               Proto2.o
objectDetectedRight
                    0x1               Proto2.o
motorCommandCompletedFlag
                    0x1               Proto2.o
uartTxReady         0x1               Proto2.o
adcReadyFlag        0x1               Proto2.o
ActualValueLeft     0x2               Proto2.o
adcCalibrationFlag  0x1               Proto2.o
motorReadyFlag      0x1               Proto2.o
robotState          0x1               Proto2.o
motorDirection      0x1               Proto2.o
uartLedFlag         0x1               Proto2.o
echo_on_flag        0x1               Proto2.o
dutyCycleLeft       0x4               Proto2.o
TotalValueRight     0x2               Proto2.o
adcValuesCounter    0x2               Proto2.o
adcCompileReadyFlag
                    0x1               Proto2.o
uartReadyFlag       0x1               Proto2.o

Memory Configuration

Name             Origin             Length             Attributes
text             0x00000000         0x00020000         xr
data             0x00800060         0x0000ffa0         rw !x
eeprom           0x00810000         0x00010000         rw !x
fuse             0x00820000         0x00000400         rw !x
lock             0x00830000         0x00000400         rw !x
signature        0x00840000         0x00000400         rw !x
*default*        0x00000000         0xffffffff

Linker script and memory map

LOAD c:/winavr-20081205/bin/../lib/gcc/avr/4.3.2/../../../../avr/lib/avr5/crtm32.o
LOAD Proto2.o
LOAD ADCcontrol.o
LOAD LedsControl.o
LOAD moteur.o
LOAD motorControl.o
LOAD portsControl.o
LOAD sonars.o
LOAD timer.o
LOAD uart.o
LOAD c:/winavr-20081205/bin/../lib/gcc/avr/4.3.2/avr5\libgcc.a
LOAD c:/winavr-20081205/bin/../lib/gcc/avr/4.3.2/../../../../avr/lib/avr5\libc.a
LOAD c:/winavr-20081205/bin/../lib/gcc/avr/4.3.2/avr5\libgcc.a

.hash
 *(.hash)

.dynsym
 *(.dynsym)

.dynstr
 *(.dynstr)

.gnu.version
 *(.gnu.version)

.gnu.version_d
 *(.gnu.version_d)

.gnu.version_r
 *(.gnu.version_r)

.rel.init
 *(.rel.init)

.rela.init
 *(.rela.init)

.rel.text
 *(.rel.text)
 *(.rel.text.*)
 *(.rel.gnu.linkonce.t*)

.rela.text
 *(.rela.text)
 *(.rela.text.*)
 *(.rela.gnu.linkonce.t*)

.rel.fini
 *(.rel.fini)

.rela.fini
 *(.rela.fini)

.rel.rodata
 *(.rel.rodata)
 *(.rel.rodata.*)
 *(.rel.gnu.linkonce.r*)

.rela.rodata
 *(.rela.rodata)
 *(.rela.rodata.*)
 *(.rela.gnu.linkonce.r*)

.rel.data
 *(.rel.data)
 *(.rel.data.*)
 *(.rel.gnu.linkonce.d*)

.rela.data
 *(.rela.data)
 *(.rela.data.*)
 *(.rela.gnu.linkonce.d*)

.rel.ctors
 *(.rel.ctors)

.rela.ctors
 *(.rela.ctors)

.rel.dtors
 *(.rel.dtors)

.rela.dtors
 *(.rela.dtors)

.rel.got
 *(.rel.got)

.rela.got
 *(.rela.got)

.rel.bss
 *(.rel.bss)

.rela.bss
 *(.rela.bss)

.rel.plt
 *(.rel.plt)

.rela.plt
 *(.rela.plt)

.text           0x00000000     0x2ec8
 *(.vectors)
 .vectors       0x00000000       0x54 c:/winavr-20081205/bin/../lib/gcc/avr/4.3.2/../../../../avr/lib/avr5/crtm32.o
                0x00000000                __vectors
                0x00000000                __vector_default
 *(.vectors)
 *(.progmem.gcc*)
 *(.progmem*)
                0x00000054                . = ALIGN (0x2)
                0x00000054                __trampolines_start = .
 *(.trampolines)
 .trampolines   0x00000054        0x0 linker stubs
 *(.trampolines*)
                0x00000054                __trampolines_end = .
 *(.jumptables)
 *(.jumptables*)
 *(.lowtext)
 *(.lowtext*)
                0x00000054                __ctors_start = .
 *(.ctors)
                0x00000054                __ctors_end = .
                0x00000054                __dtors_start = .
 *(.dtors)
                0x00000054                __dtors_end = .
 SORT(*)(.ctors)
 SORT(*)(.dtors)
 *(.init0)
 .init0         0x00000054        0x0 c:/winavr-20081205/bin/../lib/gcc/avr/4.3.2/../../../../avr/lib/avr5/crtm32.o
                0x00000054                __init
 *(.init0)
 *(.init1)
 *(.init1)
 *(.init2)
 .init2         0x00000054        0xc c:/winavr-20081205/bin/../lib/gcc/avr/4.3.2/../../../../avr/lib/avr5/crtm32.o
 *(.init2)
 *(.init3)
 *(.init3)
 *(.init4)
 .init4         0x00000060       0x16 c:/winavr-20081205/bin/../lib/gcc/avr/4.3.2/avr5\libgcc.a(_copy_data.o)
                0x00000060                __do_copy_data
 .init4         0x00000076       0x10 c:/winavr-20081205/bin/../lib/gcc/avr/4.3.2/avr5\libgcc.a(_clear_bss.o)
                0x00000076                __do_clear_bss
 *(.init4)
 *(.init5)
 *(.init5)
 *(.init6)
 *(.init6)
 *(.init7)
 *(.init7)
 *(.init8)
 *(.init8)
 *(.init9)
 .init9         0x00000086        0x8 c:/winavr-20081205/bin/../lib/gcc/avr/4.3.2/../../../../avr/lib/avr5/crtm32.o
 *(.init9)
 *(.text)
 .text          0x0000008e        0x4 c:/winavr-20081205/bin/../lib/gcc/avr/4.3.2/../../../../avr/lib/avr5/crtm32.o
                0x0000008e                __vector_1
                0x0000008e                __vector_12
                0x0000008e                __bad_interrupt
                0x0000008e                __vector_6
                0x0000008e                __vector_3
                0x0000008e                __vector_11
                0x0000008e                __vector_17
                0x0000008e                __vector_7
                0x0000008e                __vector_5
                0x0000008e                __vector_4
                0x0000008e                __vector_2
                0x0000008e                __vector_8
                0x0000008e                __vector_14
                0x0000008e                __vector_10
                0x0000008e                __vector_18
                0x0000008e                __vector_20
 .text          0x00000092       0x4a Proto2.o
                0x00000092                main
 .text          0x000000dc      0xd04 ADCcontrol.o
                0x000006da                calibrateMotors
                0x0000011a                initADC
                0x00000294                readADC
                0x0000010a                stopADC
                0x00000dca                waitValueIsReady
                0x000000dc                startADC
                0x00000200                fetchAdcValues
                0x000006c0                checkForAdc
                0x000002b4                __vector_16
                0x00000304                compileAdcData
 .text          0x00000de0      0x2d4 LedsControl.o
                0x00000de0                initLeds
                0x00000f58                pingSonarLeft
                0x00000e64                obstacleDetectedLeds
                0x00000e34                ledDeadState
                0x00000fde                pingSonarRight
                0x00000ed2                pingUart
                0x00000e9a                ledAliveState
                0x00001064                flashLeds
 .text          0x000010b4      0x58a moteur.o
                0x000010b4                CalculPWM
 .text          0x0000163e      0x2ea motorControl.o
                0x000017b8                convertValuesToInt
                0x000016c6                checkDirection
                0x0000163e                initMotors
                0x0000180a                setMotors
                0x0000177c                setMotorOutputs
 .text          0x00001928       0x4e portsControl.o
                0x00001928                initPorts
                0x00001940                checkControls
                0x0000193a                setWatchDog
 .text          0x00001976      0x390 sonars.o
                0x00001b76                setTWIstream
                0x00001990                resetTWI
                0x00001b2e                __vector_19
                0x00001976                configureTWI
                0x00001cf4                processTWI
                0x000019b6                TWIcheckState
 .text          0x00001d06       0x6e timer.o
                0x00001d24                initTimer1
                0x00001d06                __vector_9
                0x00001d50                dealWithMotors
 .text          0x00001d74      0x25a uart.o
                0x00001e94                uart_send
                0x00001ee6                transmitByte
                0x00001e2a                __vector_13
                0x00001d92                uart_init
                0x00001dc0                processData
                0x00001ef8                uartReceive
                0x00001d74                __vector_15
 .text          0x00001fce        0x0 c:/winavr-20081205/bin/../lib/gcc/avr/4.3.2/avr5\libgcc.a(_udivmodhi4.o)
 .text          0x00001fce        0x0 c:/winavr-20081205/bin/../lib/gcc/avr/4.3.2/avr5\libgcc.a(_exit.o)
 .text          0x00001fce        0x0 c:/winavr-20081205/bin/../lib/gcc/avr/4.3.2/avr5\libgcc.a(_copy_data.o)
 .text          0x00001fce        0x0 c:/winavr-20081205/bin/../lib/gcc/avr/4.3.2/avr5\libgcc.a(_clear_bss.o)
 .text          0x00001fce      0x354 c:/winavr-20081205/bin/../lib/gcc/avr/4.3.2/avr5\libgcc.a(_addsub_sf.o)
                0x00002266                __subsf3
                0x000022c8                __addsf3
 .text          0x00002322      0x1f4 c:/winavr-20081205/bin/../lib/gcc/avr/4.3.2/avr5\libgcc.a(_mul_sf.o)
                0x00002322                __mulsf3
 .text          0x00002516      0x158 c:/winavr-20081205/bin/../lib/gcc/avr/4.3.2/avr5\libgcc.a(_div_sf.o)
                0x00002516                __divsf3
 .text          0x0000266e       0x60 c:/winavr-20081205/bin/../lib/gcc/avr/4.3.2/avr5\libgcc.a(_gt_sf.o)
                0x0000266e                __gtsf2
 .text          0x000026ce       0x60 c:/winavr-20081205/bin/../lib/gcc/avr/4.3.2/avr5\libgcc.a(_ge_sf.o)
                0x000026ce                __gesf2
 .text          0x0000272e       0x60 c:/winavr-20081205/bin/../lib/gcc/avr/4.3.2/avr5\libgcc.a(_lt_sf.o)
                0x0000272e                __ltsf2
 .text          0x0000278e       0x60 c:/winavr-20081205/bin/../lib/gcc/avr/4.3.2/avr5\libgcc.a(_le_sf.o)
                0x0000278e                __lesf2
 .text          0x000027ee       0xbc c:/winavr-20081205/bin/../lib/gcc/avr/4.3.2/avr5\libgcc.a(_si_to_sf.o)
                0x000027ee                __floatsisf
 .text          0x000028aa       0xa8 c:/winavr-20081205/bin/../lib/gcc/avr/4.3.2/avr5\libgcc.a(_sf_to_si.o)
                0x000028aa                __fixsfsi
 .text          0x00002952        0x0 c:/winavr-20081205/bin/../lib/gcc/avr/4.3.2/avr5\libgcc.a(_thenan_sf.o)
 .text          0x00002952       0xf2 c:/winavr-20081205/bin/../lib/gcc/avr/4.3.2/avr5\libgcc.a(_usi_to_sf.o)
                0x00002952                __floatunsisf
 .text          0x00002a44        0x0 c:/winavr-20081205/bin/../lib/gcc/avr/4.3.2/avr5\libgcc.a(_prologue.o)
 .text          0x00002a44        0x0 c:/winavr-20081205/bin/../lib/gcc/avr/4.3.2/avr5\libgcc.a(_epilogue.o)
 .text          0x00002a44       0x9e c:/winavr-20081205/bin/../lib/gcc/avr/4.3.2/avr5\libgcc.a(_clzsi2.o)
                0x00002a44                __clzsi2
 .text          0x00002ae2      0x1aa c:/winavr-20081205/bin/../lib/gcc/avr/4.3.2/avr5\libgcc.a(_pack_sf.o)
                0x00002ae2                __pack_f
 .text          0x00002c8c       0xf0 c:/winavr-20081205/bin/../lib/gcc/avr/4.3.2/avr5\libgcc.a(_unpack_sf.o)
                0x00002c8c                __unpack_f
 .text          0x00002d7c       0xb2 c:/winavr-20081205/bin/../lib/gcc/avr/4.3.2/avr5\libgcc.a(_fpcmp_parts_sf.o)
                0x00002d7c                __fpcmp_parts_f
 .text          0x00002e2e        0x0 c:/winavr-20081205/bin/../lib/gcc/avr/4.3.2/avr5\libgcc.a(_clz.o)
                0x00002e2e                . = ALIGN (0x2)
 *(.text.*)
 .text.libgcc   0x00002e2e       0x28 c:/winavr-20081205/bin/../lib/gcc/avr/4.3.2/avr5\libgcc.a(_udivmodhi4.o)
                0x00002e2e                __udivmodhi4
 .text.libgcc   0x00002e56        0x0 c:/winavr-20081205/bin/../lib/gcc/avr/4.3.2/avr5\libgcc.a(_exit.o)
 .text.libgcc   0x00002e56        0x0 c:/winavr-20081205/bin/../lib/gcc/avr/4.3.2/avr5\libgcc.a(_copy_data.o)
 .text.libgcc   0x00002e56        0x0 c:/winavr-20081205/bin/../lib/gcc/avr/4.3.2/avr5\libgcc.a(_clear_bss.o)
 .text.libgcc   0x00002e56       0x38 c:/winavr-20081205/bin/../lib/gcc/avr/4.3.2/avr5\libgcc.a(_prologue.o)
                0x00002e56                __prologue_saves__
 .text.libgcc   0x00002e8e       0x36 c:/winavr-20081205/bin/../lib/gcc/avr/4.3.2/avr5\libgcc.a(_epilogue.o)
                0x00002e8e                __epilogue_restores__
                0x00002ec4                . = ALIGN (0x2)
 *(.fini9)
 .fini9         0x00002ec4        0x0 c:/winavr-20081205/bin/../lib/gcc/avr/4.3.2/avr5\libgcc.a(_exit.o)
                0x00002ec4                exit
                0x00002ec4                _exit
 *(.fini9)
 *(.fini8)
 *(.fini8)
 *(.fini7)
 *(.fini7)
 *(.fini6)
 *(.fini6)
 *(.fini5)
 *(.fini5)
 *(.fini4)
 *(.fini4)
 *(.fini3)
 *(.fini3)
 *(.fini2)
 *(.fini2)
 *(.fini1)
 *(.fini1)
 *(.fini0)
 .fini0         0x00002ec4        0x4 c:/winavr-20081205/bin/../lib/gcc/avr/4.3.2/avr5\libgcc.a(_exit.o)
 *(.fini0)
                0x00002ec8                _etext = .

.data           0x00800060      0x108 load address 0x00002ec8
                0x00800060                PROVIDE (__data_start, .)
 *(.data)
 .data          0x00800060        0x0 c:/winavr-20081205/bin/../lib/gcc/avr/4.3.2/../../../../avr/lib/avr5/crtm32.o
 .data          0x00800060        0x0 Proto2.o
 .data          0x00800060        0x0 ADCcontrol.o
 .data          0x00800060        0x0 LedsControl.o
 .data          0x00800060        0x0 moteur.o
 .data          0x00800060        0x0 motorControl.o
 .data          0x00800060        0x0 portsControl.o
 .data          0x00800060        0x0 sonars.o
 .data          0x00800060        0x0 timer.o
 .data          0x00800060        0x0 uart.o
 .data          0x00800060        0x0 c:/winavr-20081205/bin/../lib/gcc/avr/4.3.2/avr5\libgcc.a(_udivmodhi4.o)
 .data          0x00800060        0x0 c:/winavr-20081205/bin/../lib/gcc/avr/4.3.2/avr5\libgcc.a(_exit.o)
 .data          0x00800060        0x0 c:/winavr-20081205/bin/../lib/gcc/avr/4.3.2/avr5\libgcc.a(_copy_data.o)
 .data          0x00800060        0x0 c:/winavr-20081205/bin/../lib/gcc/avr/4.3.2/avr5\libgcc.a(_clear_bss.o)
 .data          0x00800060        0x0 c:/winavr-20081205/bin/../lib/gcc/avr/4.3.2/avr5\libgcc.a(_addsub_sf.o)
 .data          0x00800060        0x0 c:/winavr-20081205/bin/../lib/gcc/avr/4.3.2/avr5\libgcc.a(_mul_sf.o)
 .data          0x00800060        0x0 c:/winavr-20081205/bin/../lib/gcc/avr/4.3.2/avr5\libgcc.a(_div_sf.o)
 .data          0x00800060        0x0 c:/winavr-20081205/bin/../lib/gcc/avr/4.3.2/avr5\libgcc.a(_gt_sf.o)
 .data          0x00800060        0x0 c:/winavr-20081205/bin/../lib/gcc/avr/4.3.2/avr5\libgcc.a(_ge_sf.o)
 .data          0x00800060        0x0 c:/winavr-20081205/bin/../lib/gcc/avr/4.3.2/avr5\libgcc.a(_lt_sf.o)
 .data          0x00800060        0x0 c:/winavr-20081205/bin/../lib/gcc/avr/4.3.2/avr5\libgcc.a(_le_sf.o)
 .data          0x00800060        0x0 c:/winavr-20081205/bin/../lib/gcc/avr/4.3.2/avr5\libgcc.a(_si_to_sf.o)
 .data          0x00800060        0x0 c:/winavr-20081205/bin/../lib/gcc/avr/4.3.2/avr5\libgcc.a(_sf_to_si.o)
 .data          0x00800060        0x8 c:/winavr-20081205/bin/../lib/gcc/avr/4.3.2/avr5\libgcc.a(_thenan_sf.o)
                0x00800060                __thenan_sf
 .data          0x00800068        0x0 c:/winavr-20081205/bin/../lib/gcc/avr/4.3.2/avr5\libgcc.a(_usi_to_sf.o)
 .data          0x00800068        0x0 c:/winavr-20081205/bin/../lib/gcc/avr/4.3.2/avr5\libgcc.a(_prologue.o)
 .data          0x00800068        0x0 c:/winavr-20081205/bin/../lib/gcc/avr/4.3.2/avr5\libgcc.a(_epilogue.o)
 .data          0x00800068        0x0 c:/winavr-20081205/bin/../lib/gcc/avr/4.3.2/avr5\libgcc.a(_clzsi2.o)
 .data          0x00800068        0x0 c:/winavr-20081205/bin/../lib/gcc/avr/4.3.2/avr5\libgcc.a(_pack_sf.o)
 .data          0x00800068        0x0 c:/winavr-20081205/bin/../lib/gcc/avr/4.3.2/avr5\libgcc.a(_unpack_sf.o)
 .data          0x00800068        0x0 c:/winavr-20081205/bin/../lib/gcc/avr/4.3.2/avr5\libgcc.a(_fpcmp_parts_sf.o)
 .data          0x00800068      0x100 c:/winavr-20081205/bin/../lib/gcc/avr/4.3.2/avr5\libgcc.a(_clz.o)
                0x00800068                __clz_tab
 *(.data*)
 *(.rodata)
 *(.rodata*)
 *(.gnu.linkonce.d*)
                0x00800168                . = ALIGN (0x2)
                0x00800168                _edata = .
                0x00800168                PROVIDE (__data_end, .)

.bss            0x00800168       0xd2
                0x00800168                PROVIDE (__bss_start, .)
 *(.bss)
 .bss           0x00800168        0x0 c:/winavr-20081205/bin/../lib/gcc/avr/4.3.2/../../../../avr/lib/avr5/crtm32.o
 .bss           0x00800168        0x0 Proto2.o
 .bss           0x00800168        0x0 ADCcontrol.o
 .bss           0x00800168        0x0 LedsControl.o
 .bss           0x00800168       0x20 moteur.o
 .bss           0x00800188        0x0 motorControl.o
 .bss           0x00800188        0x0 portsControl.o
 .bss           0x00800188        0x0 sonars.o
 .bss           0x00800188        0x0 timer.o
 .bss           0x00800188        0x0 uart.o
 .bss           0x00800188        0x0 c:/winavr-20081205/bin/../lib/gcc/avr/4.3.2/avr5\libgcc.a(_udivmodhi4.o)
 .bss           0x00800188        0x0 c:/winavr-20081205/bin/../lib/gcc/avr/4.3.2/avr5\libgcc.a(_exit.o)
 .bss           0x00800188        0x0 c:/winavr-20081205/bin/../lib/gcc/avr/4.3.2/avr5\libgcc.a(_copy_data.o)
 .bss           0x00800188        0x0 c:/winavr-20081205/bin/../lib/gcc/avr/4.3.2/avr5\libgcc.a(_clear_bss.o)
 .bss           0x00800188        0x0 c:/winavr-20081205/bin/../lib/gcc/avr/4.3.2/avr5\libgcc.a(_addsub_sf.o)
 .bss           0x00800188        0x0 c:/winavr-20081205/bin/../lib/gcc/avr/4.3.2/avr5\libgcc.a(_mul_sf.o)
 .bss           0x00800188        0x0 c:/winavr-20081205/bin/../lib/gcc/avr/4.3.2/avr5\libgcc.a(_div_sf.o)
 .bss           0x00800188        0x0 c:/winavr-20081205/bin/../lib/gcc/avr/4.3.2/avr5\libgcc.a(_gt_sf.o)
 .bss           0x00800188        0x0 c:/winavr-20081205/bin/../lib/gcc/avr/4.3.2/avr5\libgcc.a(_ge_sf.o)
 .bss           0x00800188        0x0 c:/winavr-20081205/bin/../lib/gcc/avr/4.3.2/avr5\libgcc.a(_lt_sf.o)
 .bss           0x00800188        0x0 c:/winavr-20081205/bin/../lib/gcc/avr/4.3.2/avr5\libgcc.a(_le_sf.o)
 .bss           0x00800188        0x0 c:/winavr-20081205/bin/../lib/gcc/avr/4.3.2/avr5\libgcc.a(_si_to_sf.o)
 .bss           0x00800188        0x0 c:/winavr-20081205/bin/../lib/gcc/avr/4.3.2/avr5\libgcc.a(_sf_to_si.o)
 .bss           0x00800188        0x0 c:/winavr-20081205/bin/../lib/gcc/avr/4.3.2/avr5\libgcc.a(_thenan_sf.o)
 .bss           0x00800188        0x0 c:/winavr-20081205/bin/../lib/gcc/avr/4.3.2/avr5\libgcc.a(_usi_to_sf.o)
 .bss           0x00800188        0x0 c:/winavr-20081205/bin/../lib/gcc/avr/4.3.2/avr5\libgcc.a(_prologue.o)
 .bss           0x00800188        0x0 c:/winavr-20081205/bin/../lib/gcc/avr/4.3.2/avr5\libgcc.a(_epilogue.o)
 .bss           0x00800188        0x0 c:/winavr-20081205/bin/../lib/gcc/avr/4.3.2/avr5\libgcc.a(_clzsi2.o)
 .bss           0x00800188        0x0 c:/winavr-20081205/bin/../lib/gcc/avr/4.3.2/avr5\libgcc.a(_pack_sf.o)
 .bss           0x00800188        0x0 c:/winavr-20081205/bin/../lib/gcc/avr/4.3.2/avr5\libgcc.a(_unpack_sf.o)
 .bss           0x00800188        0x0 c:/winavr-20081205/bin/../lib/gcc/avr/4.3.2/avr5\libgcc.a(_fpcmp_parts_sf.o)
 .bss           0x00800188        0x0 c:/winavr-20081205/bin/../lib/gcc/avr/4.3.2/avr5\libgcc.a(_clz.o)
 *(.bss*)
 *(COMMON)
 COMMON         0x00800188       0xb2 Proto2.o
                0x00800188                computedCommand
                0x00800190                adcValues
                0x00800198                twiStateMachine
                0x00800199                objectDetectedLeft
                0x0080019a                rightLimits
                0x008001be                ADCcalib_value
                0x008001c2                leftPingFlag
                0x008001c3                string_valueToSend
                0x008001c7                patate
                0x008001c8                timer1ReadyFlag
                0x008001c9                adcCompletedFlag
                0x008001ca                dataToCompute
                0x008001cb                pingCounter
                0x008001cc                convertedMotorSpeed
                0x008001d0                patate2
                0x008001d1                ActualValueRight
                0x008001d3                leftObjectLed
                0x008001d4                dutyCycleRight
                0x008001d8                TWIstate
                0x008001d9                ledState
                0x008001e1                SonarData
                0x008001ef                adcMUXValue
                0x008001f0                actualCommand
                0x008001f2                requestedCommand
                0x008001f4                i
                0x008001f5                stopFlag
                0x008001f6                allo
                0x008001fa                rightPingFlag
                0x008001fb                rightObjectLed
                0x008001fc                TotalValueLeft
                0x008001fe                leftLimits
                0x00800222                data
                0x00800223                ReceiverState
                0x00800224                objectDetectedRight
                0x00800225                motorCommandCompletedFlag
                0x00800226                uartTxReady
                0x00800227                adcReadyFlag
                0x00800228                ActualValueLeft
                0x0080022a                adcCalibrationFlag
                0x0080022b                motorReadyFlag
                0x0080022c                robotState
                0x0080022d                motorDirection
                0x0080022e                uartLedFlag
                0x0080022f                echo_on_flag
                0x00800230                dutyCycleLeft
                0x00800234                TotalValueRight
                0x00800236                adcValuesCounter
                0x00800238                adcCompileReadyFlag
                0x00800239                uartReadyFlag
                0x0080023a                PROVIDE (__bss_end, .)
                0x00002ec8                __data_load_start = LOADADDR (.data)
                0x00002fd0                __data_load_end = (__data_load_start + SIZEOF (.data))

.noinit         0x0080023a        0x0
                0x0080023a                PROVIDE (__noinit_start, .)
 *(.noinit*)
                0x0080023a                PROVIDE (__noinit_end, .)
                0x0080023a                _end = .
                0x0080023a                PROVIDE (__heap_start, .)

.eeprom         0x00810000        0x0
 *(.eeprom*)
                0x00810000                __eeprom_end = .

.fuse
 *(.fuse)
 *(.lfuse)
 *(.hfuse)
 *(.efuse)

.lock
 *(.lock*)

.signature
 *(.signature*)

.stab
 *(.stab)

.stabstr
 *(.stabstr)

.stab.excl
 *(.stab.excl)

.stab.exclstr
 *(.stab.exclstr)

.stab.index
 *(.stab.index)

.stab.indexstr
 *(.stab.indexstr)

.comment
 *(.comment)

.debug
 *(.debug)

.line
 *(.line)

.debug_srcinfo
 *(.debug_srcinfo)

.debug_sfnames
 *(.debug_sfnames)

.debug_aranges  0x00000000      0x120
 *(.debug_aranges)
 .debug_aranges
                0x00000000       0x20 Proto2.o
 .debug_aranges
                0x00000020       0x20 ADCcontrol.o
 .debug_aranges
                0x00000040       0x20 LedsControl.o
 .debug_aranges
                0x00000060       0x20 moteur.o
 .debug_aranges
                0x00000080       0x20 motorControl.o
 .debug_aranges
                0x000000a0       0x20 portsControl.o
 .debug_aranges
                0x000000c0       0x20 sonars.o
 .debug_aranges
                0x000000e0       0x20 timer.o
 .debug_aranges
                0x00000100       0x20 uart.o

.debug_pubnames
                0x00000000     0x10d1
 *(.debug_pubnames)
 .debug_pubnames
                0x00000000      0x381 Proto2.o
 .debug_pubnames
                0x00000381      0x367 ADCcontrol.o
 .debug_pubnames
                0x000006e8      0x100 LedsControl.o
 .debug_pubnames
                0x000007e8       0x20 moteur.o
 .debug_pubnames
                0x00000808      0x22c motorControl.o
 .debug_pubnames
                0x00000a34      0x124 portsControl.o
 .debug_pubnames
                0x00000b58      0x145 sonars.o
 .debug_pubnames
                0x00000c9d      0x154 timer.o
 .debug_pubnames
                0x00000df1      0x2e0 uart.o

.debug_info     0x00000000     0x23ac
 *(.debug_info)
 .debug_info    0x00000000      0x6a5 Proto2.o
 .debug_info    0x000006a5      0x698 ADCcontrol.o
 .debug_info    0x00000d3d      0x20d LedsControl.o
 .debug_info    0x00000f4a      0x13f moteur.o
 .debug_info    0x00001089      0x499 motorControl.o
 .debug_info    0x00001522      0x2d0 portsControl.o
 .debug_info    0x000017f2      0x2e1 sonars.o
 .debug_info    0x00001ad3      0x2da timer.o
 .debug_info    0x00001dad      0x5ff uart.o
 *(.gnu.linkonce.wi.*)

.debug_abbrev   0x00000000      0x6c9
 *(.debug_abbrev)
 .debug_abbrev  0x00000000       0xac Proto2.o
 .debug_abbrev  0x000000ac       0xd3 ADCcontrol.o
 .debug_abbrev  0x0000017f       0xdf LedsControl.o
 .debug_abbrev  0x0000025e       0x86 moteur.o
 .debug_abbrev  0x000002e4       0xc2 motorControl.o
 .debug_abbrev  0x000003a6       0xc2 portsControl.o
 .debug_abbrev  0x00000468       0x93 sonars.o
 .debug_abbrev  0x000004fb       0x7e timer.o
 .debug_abbrev  0x00000579      0x150 uart.o

.debug_line     0x00000000     0x1896
 *(.debug_line)
 .debug_line    0x00000000      0x12c Proto2.o
 .debug_line    0x0000012c      0x68c ADCcontrol.o
 .debug_line    0x000007b8      0x3bc LedsControl.o
 .debug_line    0x00000b74       0xf8 moteur.o
 .debug_line    0x00000c6c      0x261 motorControl.o
 .debug_line    0x00000ecd      0x147 portsControl.o
 .debug_line    0x00001014      0x46e sonars.o
 .debug_line    0x00001482      0x119 timer.o
 .debug_line    0x0000159b      0x2fb uart.o

.debug_frame    0x00000000      0x350
 *(.debug_frame)
 .debug_frame   0x00000000       0x20 Proto2.o
 .debug_frame   0x00000020       0xb0 ADCcontrol.o
 .debug_frame   0x000000d0       0x90 LedsControl.o
 .debug_frame   0x00000160       0x20 moteur.o
 .debug_frame   0x00000180       0x60 motorControl.o
 .debug_frame   0x000001e0       0x40 portsControl.o
 .debug_frame   0x00000220       0x70 sonars.o
 .debug_frame   0x00000290       0x40 timer.o
 .debug_frame   0x000002d0       0x80 uart.o

.debug_str      0x00000000      0x79f
 *(.debug_str)
 .debug_str     0x00000000      0x4c5 Proto2.o
                                0x527 (size before relaxing)
 .debug_str     0x000004c5       0x88 ADCcontrol.o
                                0x510 (size before relaxing)
 .debug_str     0x0000054d       0x7a LedsControl.o
                                0x1bc (size before relaxing)
 .debug_str     0x000005c7       0x5a moteur.o
                                 0xae (size before relaxing)
 .debug_str     0x00000621       0x59 motorControl.o
                                0x3b2 (size before relaxing)
 .debug_str     0x0000067a       0x36 portsControl.o
                                0x280 (size before relaxing)
 .debug_str     0x000006b0       0x54 sonars.o
                                0x293 (size before relaxing)
 .debug_str     0x00000704       0x30 timer.o
                                0x2a1 (size before relaxing)
 .debug_str     0x00000734       0x6b uart.o
                                0x447 (size before relaxing)

.debug_loc      0x00000000      0x198
 *(.debug_loc)
 .debug_loc     0x00000000      0x152 moteur.o
 .debug_loc     0x00000152       0x46 uart.o

.debug_macinfo
 *(.debug_macinfo)
OUTPUT(Proto2.elf elf32-avr)
LOAD linker stubs
