Archive member included because of file (symbol)

c:/winavr-20081205/bin/../lib/gcc/avr/4.3.2/avr5\libgcc.a(_udivmodhi4.o)
                              ADCcontrol.o (__udivmodhi4)
c:/winavr-20081205/bin/../lib/gcc/avr/4.3.2/avr5\libgcc.a(_exit.o)
                              c:/winavr-20081205/bin/../lib/gcc/avr/4.3.2/../../../../avr/lib/avr5/crtm32.o (exit)
c:/winavr-20081205/bin/../lib/gcc/avr/4.3.2/avr5\libgcc.a(_copy_data.o)
                              Proto2.o (__do_copy_data)
c:/winavr-20081205/bin/../lib/gcc/avr/4.3.2/avr5\libgcc.a(_clear_bss.o)
                              Proto2.o (__do_clear_bss)
c:/winavr-20081205/bin/../lib/gcc/avr/4.3.2/avr5\libgcc.a(_addsub_sf.o)
                              ADCcontrol.o (__subsf3)
c:/winavr-20081205/bin/../lib/gcc/avr/4.3.2/avr5\libgcc.a(_mul_sf.o)
                              ADCcontrol.o (__mulsf3)
c:/winavr-20081205/bin/../lib/gcc/avr/4.3.2/avr5\libgcc.a(_div_sf.o)
                              ADCcontrol.o (__divsf3)
c:/winavr-20081205/bin/../lib/gcc/avr/4.3.2/avr5\libgcc.a(_gt_sf.o)
                              ADCcontrol.o (__gtsf2)
c:/winavr-20081205/bin/../lib/gcc/avr/4.3.2/avr5\libgcc.a(_ge_sf.o)
                              moteur.o (__gesf2)
c:/winavr-20081205/bin/../lib/gcc/avr/4.3.2/avr5\libgcc.a(_lt_sf.o)
                              ADCcontrol.o (__ltsf2)
c:/winavr-20081205/bin/../lib/gcc/avr/4.3.2/avr5\libgcc.a(_le_sf.o)
                              moteur.o (__lesf2)
c:/winavr-20081205/bin/../lib/gcc/avr/4.3.2/avr5\libgcc.a(_si_to_sf.o)
                              moteur.o (__floatsisf)
c:/winavr-20081205/bin/../lib/gcc/avr/4.3.2/avr5\libgcc.a(_sf_to_si.o)
                              motorControl.o (__fixsfsi)
c:/winavr-20081205/bin/../lib/gcc/avr/4.3.2/avr5\libgcc.a(_thenan_sf.o)
                              c:/winavr-20081205/bin/../lib/gcc/avr/4.3.2/avr5\libgcc.a(_addsub_sf.o) (__thenan_sf)
c:/winavr-20081205/bin/../lib/gcc/avr/4.3.2/avr5\libgcc.a(_usi_to_sf.o)
                              ADCcontrol.o (__floatunsisf)
c:/winavr-20081205/bin/../lib/gcc/avr/4.3.2/avr5\libgcc.a(_prologue.o)
                              c:/winavr-20081205/bin/../lib/gcc/avr/4.3.2/avr5\libgcc.a(_addsub_sf.o) (__prologue_saves__)
c:/winavr-20081205/bin/../lib/gcc/avr/4.3.2/avr5\libgcc.a(_epilogue.o)
                              c:/winavr-20081205/bin/../lib/gcc/avr/4.3.2/avr5\libgcc.a(_addsub_sf.o) (__epilogue_restores__)
c:/winavr-20081205/bin/../lib/gcc/avr/4.3.2/avr5\libgcc.a(_clzsi2.o)
                              c:/winavr-20081205/bin/../lib/gcc/avr/4.3.2/avr5\libgcc.a(_si_to_sf.o) (__clzsi2)
c:/winavr-20081205/bin/../lib/gcc/avr/4.3.2/avr5\libgcc.a(_pack_sf.o)
                              c:/winavr-20081205/bin/../lib/gcc/avr/4.3.2/avr5\libgcc.a(_addsub_sf.o) (__pack_f)
c:/winavr-20081205/bin/../lib/gcc/avr/4.3.2/avr5\libgcc.a(_unpack_sf.o)
                              c:/winavr-20081205/bin/../lib/gcc/avr/4.3.2/avr5\libgcc.a(_addsub_sf.o) (__unpack_f)
c:/winavr-20081205/bin/../lib/gcc/avr/4.3.2/avr5\libgcc.a(_fpcmp_parts_sf.o)
                              c:/winavr-20081205/bin/../lib/gcc/avr/4.3.2/avr5\libgcc.a(_gt_sf.o) (__fpcmp_parts_f)
c:/winavr-20081205/bin/../lib/gcc/avr/4.3.2/avr5\libgcc.a(_clz.o)
                              c:/winavr-20081205/bin/../lib/gcc/avr/4.3.2/avr5\libgcc.a(_clzsi2.o) (__clz_tab)

Allocating common symbols
Common symbol       size              file

computedCommand     0x8               Proto2.o
adcValues           0x8               Proto2.o
twiStateMachine     0x1               Proto2.o
objectDetectedLeft  0x1               Proto2.o
rightLimits         0x24              Proto2.o
OSLockNesting       0x1               ucos_ii.o
OSRunning           0x1               ucos_ii.o
ADCcalib_value      0x4               Proto2.o
leftPingFlag        0x1               Proto2.o
OSIdleCtr           0x4               ucos_ii.o
string_valueToSend  0x4               Proto2.o
OSPrioHighRdy       0x1               ucos_ii.o
OSFlagTbl           0x14              ucos_ii.o
patate              0x1               Proto2.o
Task_Button         0x96              Proto2.o
OSPrioCur           0x1               ucos_ii.o
timer1ReadyFlag     0x1               Proto2.o
adcCompletedFlag    0x1               Proto2.o
dataToCompute       0x1               Proto2.o
OSTCBList           0x2               ucos_ii.o
pingCounter         0x1               Proto2.o
convertedMotorSpeed
                    0x4               Proto2.o
OSCtxSwCtr          0x4               ucos_ii.o
patate2             0x1               Proto2.o
ActualValueRight    0x2               Proto2.o
leftObjectLed       0x1               Proto2.o
dutyCycleRight      0x4               Proto2.o
TWIstate            0x1               Proto2.o
ledState            0x8               Proto2.o
OSTCBFreeList       0x2               ucos_ii.o
SonarData           0xe               Proto2.o
adcMUXValue         0x1               Proto2.o
actualCommand       0x2               Proto2.o
requestedCommand    0x2               Proto2.o
i                   0x1               Proto2.o
stopFlag            0x1               Proto2.o
allo                0x4               Proto2.o
rightPingFlag       0x1               Proto2.o
OSTaskCtr           0x1               ucos_ii.o
rightObjectLed      0x1               Proto2.o
TotalValueLeft      0x2               Proto2.o
OSQTbl              0x1c              ucos_ii.o
leftLimits          0x24              Proto2.o
OSTCBHighRdy        0x2               ucos_ii.o
OSQFreeList         0x2               ucos_ii.o
OSRdyGrp            0x1               ucos_ii.o
data                0x1               Proto2.o
ReceiverState       0x1               Proto2.o
objectDetectedRight
                    0x1               Proto2.o
motorCommandCompletedFlag
                    0x1               Proto2.o
uartTxReady         0x1               Proto2.o
OSRdyTbl            0x2               ucos_ii.o
adcReadyFlag        0x1               Proto2.o
ActualValueLeft     0x2               Proto2.o
adcCalibrationFlag  0x1               Proto2.o
motorReadyFlag      0x1               Proto2.o
OSEventFreeList     0x2               ucos_ii.o
OSIntExitY          0x1               ucos_ii.o
OSIntNesting        0x1               ucos_ii.o
OSTCBCur            0x2               ucos_ii.o
robotState          0x1               Proto2.o
motorDirection      0x1               Proto2.o
uartLedFlag         0x1               Proto2.o
OSTaskIdleStk       0x64              ucos_ii.o
echo_on_flag        0x1               Proto2.o
dutyCycleLeft       0x4               Proto2.o
OSEventTbl          0xa0              ucos_ii.o
OSTCBTbl            0xbe              ucos_ii.o
Task_Main           0x190             Proto2.o
TotalValueRight     0x2               Proto2.o
OSFlagFreeList      0x2               ucos_ii.o
adcValuesCounter    0x2               Proto2.o
OSTCBPrioTbl        0x20              ucos_ii.o
adcCompileReadyFlag
                    0x1               Proto2.o
uartReadyFlag       0x1               Proto2.o

Memory Configuration

Name             Origin             Length             Attributes
text             0x00000000         0x00020000         xr
data             0x00800060         0x0000ffa0         rw !x
eeprom           0x00810000         0x00010000         rw !x
fuse             0x00820000         0x00000400         rw !x
lock             0x00830000         0x00000400         rw !x
signature        0x00840000         0x00000400         rw !x
*default*        0x00000000         0xffffffff

Linker script and memory map

LOAD c:/winavr-20081205/bin/../lib/gcc/avr/4.3.2/../../../../avr/lib/avr5/crtm32.o
LOAD Proto2.o
LOAD ADCcontrol.o
LOAD LedsControl.o
LOAD moteur.o
LOAD motorControl.o
LOAD portsControl.o
LOAD sonars.o
LOAD timer.o
LOAD uart.o
LOAD os_mem.o
LOAD os_cpu_c.o
LOAD ucos_ii.o
LOAD c:/winavr-20081205/bin/../lib/gcc/avr/4.3.2/avr5\libgcc.a
LOAD c:/winavr-20081205/bin/../lib/gcc/avr/4.3.2/../../../../avr/lib/avr5\libc.a
LOAD c:/winavr-20081205/bin/../lib/gcc/avr/4.3.2/avr5\libgcc.a

.hash
 *(.hash)

.dynsym
 *(.dynsym)

.dynstr
 *(.dynstr)

.gnu.version
 *(.gnu.version)

.gnu.version_d
 *(.gnu.version_d)

.gnu.version_r
 *(.gnu.version_r)

.rel.init
 *(.rel.init)

.rela.init
 *(.rela.init)

.rel.text
 *(.rel.text)
 *(.rel.text.*)
 *(.rel.gnu.linkonce.t*)

.rela.text
 *(.rela.text)
 *(.rela.text.*)
 *(.rela.gnu.linkonce.t*)

.rel.fini
 *(.rel.fini)

.rela.fini
 *(.rela.fini)

.rel.rodata
 *(.rel.rodata)
 *(.rel.rodata.*)
 *(.rel.gnu.linkonce.r*)

.rela.rodata
 *(.rela.rodata)
 *(.rela.rodata.*)
 *(.rela.gnu.linkonce.r*)

.rel.data
 *(.rel.data)
 *(.rel.data.*)
 *(.rel.gnu.linkonce.d*)

.rela.data
 *(.rela.data)
 *(.rela.data.*)
 *(.rela.gnu.linkonce.d*)

.rel.ctors
 *(.rel.ctors)

.rela.ctors
 *(.rela.ctors)

.rel.dtors
 *(.rel.dtors)

.rela.dtors
 *(.rela.dtors)

.rel.got
 *(.rel.got)

.rela.got
 *(.rela.got)

.rel.bss
 *(.rel.bss)

.rela.bss
 *(.rela.bss)

.rel.plt
 *(.rel.plt)

.rela.plt
 *(.rela.plt)

.text           0x00000000     0x50e0
 *(.vectors)
 .vectors       0x00000000       0x54 c:/winavr-20081205/bin/../lib/gcc/avr/4.3.2/../../../../avr/lib/avr5/crtm32.o
                0x00000000                __vectors
                0x00000000                __vector_default
 *(.vectors)
 *(.progmem.gcc*)
 *(.progmem*)
                0x00000054                . = ALIGN (0x2)
                0x00000054                __trampolines_start = .
 *(.trampolines)
 .trampolines   0x00000054        0x0 linker stubs
 *(.trampolines*)
                0x00000054                __trampolines_end = .
 *(.jumptables)
 *(.jumptables*)
 *(.lowtext)
 *(.lowtext*)
                0x00000054                __ctors_start = .
 *(.ctors)
                0x00000054                __ctors_end = .
                0x00000054                __dtors_start = .
 *(.dtors)
                0x00000054                __dtors_end = .
 SORT(*)(.ctors)
 SORT(*)(.dtors)
 *(.init0)
 .init0         0x00000054        0x0 c:/winavr-20081205/bin/../lib/gcc/avr/4.3.2/../../../../avr/lib/avr5/crtm32.o
                0x00000054                __init
 *(.init0)
 *(.init1)
 *(.init1)
 *(.init2)
 .init2         0x00000054        0xc c:/winavr-20081205/bin/../lib/gcc/avr/4.3.2/../../../../avr/lib/avr5/crtm32.o
 *(.init2)
 *(.init3)
 *(.init3)
 *(.init4)
 .init4         0x00000060       0x16 c:/winavr-20081205/bin/../lib/gcc/avr/4.3.2/avr5\libgcc.a(_copy_data.o)
                0x00000060                __do_copy_data
 .init4         0x00000076       0x10 c:/winavr-20081205/bin/../lib/gcc/avr/4.3.2/avr5\libgcc.a(_clear_bss.o)
                0x00000076                __do_clear_bss
 *(.init4)
 *(.init5)
 *(.init5)
 *(.init6)
 *(.init6)
 *(.init7)
 *(.init7)
 *(.init8)
 *(.init8)
 *(.init9)
 .init9         0x00000086        0x8 c:/winavr-20081205/bin/../lib/gcc/avr/4.3.2/../../../../avr/lib/avr5/crtm32.o
 *(.init9)
 *(.text)
 .text          0x0000008e        0x4 c:/winavr-20081205/bin/../lib/gcc/avr/4.3.2/../../../../avr/lib/avr5/crtm32.o
                0x0000008e                __vector_1
                0x0000008e                __vector_12
                0x0000008e                __bad_interrupt
                0x0000008e                __vector_6
                0x0000008e                __vector_3
                0x0000008e                __vector_11
                0x0000008e                __vector_17
                0x0000008e                __vector_7
                0x0000008e                __vector_5
                0x0000008e                __vector_2
                0x0000008e                __vector_8
                0x0000008e                __vector_14
                0x0000008e                __vector_10
                0x0000008e                __vector_18
                0x0000008e                __vector_20
 .text          0x00000092       0x96 Proto2.o
                0x00000092                main
 .text          0x00000128      0xd04 ADCcontrol.o
                0x00000726                calibrateMotors
                0x00000166                initADC
                0x000002e0                readADC
                0x00000156                stopADC
                0x00000e16                waitValueIsReady
                0x00000128                startADC
                0x0000024c                fetchAdcValues
                0x0000070c                checkForAdc
                0x00000300                __vector_16
                0x00000350                compileAdcData
 .text          0x00000e2c      0x2d4 LedsControl.o
                0x00000e2c                initLeds
                0x00000fa4                pingSonarLeft
                0x00000eb0                obstacleDetectedLeds
                0x00000e80                ledDeadState
                0x0000102a                pingSonarRight
                0x00000f1e                pingUart
                0x00000ee6                ledAliveState
                0x000010b0                flashLeds
 .text          0x00001100      0x58a moteur.o
                0x00001100                CalculPWM
 .text          0x0000168a      0x2ee motorControl.o
                0x00001808                convertValuesToInt
                0x00001712                checkDirection
                0x0000168a                initMotors
                0x0000185a                setMotors
                0x000017cc                setMotorOutputs
 .text          0x00001978       0x4e portsControl.o
                0x00001978                initPorts
                0x00001990                checkControls
                0x0000198a                setWatchDog
 .text          0x000019c6      0x354 sonars.o
                0x00001b7e                setTWIstream
                0x000019e0                resetTWI
                0x00001d0e                __vector_19
                0x000019c6                configureTWI
                0x00001cfc                processTWI
                0x00001a06                TWIcheckState
 .text          0x00001d1a       0x5e timer.o
                0x00001d1a                initTimer1
                0x00001d6a                __vector_9
                0x00001d46                dealWithMotors
 .text          0x00001d78      0x212 uart.o
                0x00001e14                uart_send
                0x00001e66                transmitByte
                0x00001f4e                __vector_13
                0x00001d78                uart_init
                0x00001daa                processData
                0x00001e78                uartReceive
                0x00001f7c                __vector_15
 .text          0x00001f8a        0x0 os_mem.o
 .text          0x00001f8a      0x2c0 os_cpu_c.o
                0x0000218e                OSTaskCreateHook
                0x00002194                OSTaskStatHook
                0x0000218a                OSInitHookBegin
                0x00002190                OSTaskDelHook
                0x00001fda                OSStartHighRdy
                0x0000203a                OSCtxSw
                0x0000219a                OSTimeTickHook
                0x00002198                OSTCBInitHook
                0x0000216c                InitOSTimer
                0x000020f4                OSIntCtxSw
                0x00001f8a                OSTaskStkInit
                0x0000219c                __vector_4
                0x0000218c                OSInitHookEnd
                0x00002196                OSTaskSwHook
                0x00002192                OSTaskIdleHook
 .text          0x0000224a     0x1f9c ucos_ii.o
                0x0000224a                OSIntEnter
                0x00002bc0                OS_TCBInit
                0x0000250c                OSFlagPendGetFlagsRdy
                0x000023de                OSFlagAccept
                0x000029ac                OSQFlush
                0x00002854                OSQAccept
                0x00002e60                OSTaskCreate
                0x000026d4                OSMutexAccept
                0x00003550                OSMutexPend
                0x00004032                OSIntExit
                0x000031d4                OSQPost
                0x000025dc                OS_FlagUnlink
                0x00002cdc                OS_Sched
                0x00002694                OSMboxQuery
                0x00002f8e                OSSemPend
                0x0000386a                OSMboxPost
                0x00002b8c                OS_FlagInit
                0x00002a50                OSSemAccept
                0x00002268                OS_EventTaskRdy
                0x00003270                OSQPend
                0x00002e06                OSTimeDly
                0x00002f36                OSSemPost
                0x00002528                OSFlagQuery
                0x00003a10                OSFlagPost
                0x0000231e                OS_EventTaskWait
                0x00002746                OSMutexCreate
                0x00003fd8                OSStart
                0x000028da                OSQCreate
                0x000030c8                OSQPostOpt
                0x00003f44                OSTimeTick
                0x00002a86                OSSemCreate
                0x000027f6                OSMutexQuery
                0x00002ad6                OSSemQuery
                0x000024b4                OSFlagCreate
                0x00003b22                OSFlagPend
                0x00002644                OSMboxCreate
                0x00002d74                OSTimeDlyResume
                0x000038ba                OSMboxPend
                0x000033fa                OSMutexPost
                0x0000261c                OSMboxAccept
                0x000040e6                OSInit
                0x00002b16                OSTaskQuery
                0x00002386                OS_EventTO
                0x00002b60                OS_QInit
                0x000037f2                OSMboxPostOpt
                0x00002262                OSVersion
                0x000023d4                OS_EventWaitListInit
                0x00002ca2                OS_TaskIdle
                0x000029d6                OSQQuery
 .text          0x000041e6        0x0 c:/winavr-20081205/bin/../lib/gcc/avr/4.3.2/avr5\libgcc.a(_udivmodhi4.o)
 .text          0x000041e6        0x0 c:/winavr-20081205/bin/../lib/gcc/avr/4.3.2/avr5\libgcc.a(_exit.o)
 .text          0x000041e6        0x0 c:/winavr-20081205/bin/../lib/gcc/avr/4.3.2/avr5\libgcc.a(_copy_data.o)
 .text          0x000041e6        0x0 c:/winavr-20081205/bin/../lib/gcc/avr/4.3.2/avr5\libgcc.a(_clear_bss.o)
 .text          0x000041e6      0x354 c:/winavr-20081205/bin/../lib/gcc/avr/4.3.2/avr5\libgcc.a(_addsub_sf.o)
                0x0000447e                __subsf3
                0x000044e0                __addsf3
 .text          0x0000453a      0x1f4 c:/winavr-20081205/bin/../lib/gcc/avr/4.3.2/avr5\libgcc.a(_mul_sf.o)
                0x0000453a                __mulsf3
 .text          0x0000472e      0x158 c:/winavr-20081205/bin/../lib/gcc/avr/4.3.2/avr5\libgcc.a(_div_sf.o)
                0x0000472e                __divsf3
 .text          0x00004886       0x60 c:/winavr-20081205/bin/../lib/gcc/avr/4.3.2/avr5\libgcc.a(_gt_sf.o)
                0x00004886                __gtsf2
 .text          0x000048e6       0x60 c:/winavr-20081205/bin/../lib/gcc/avr/4.3.2/avr5\libgcc.a(_ge_sf.o)
                0x000048e6                __gesf2
 .text          0x00004946       0x60 c:/winavr-20081205/bin/../lib/gcc/avr/4.3.2/avr5\libgcc.a(_lt_sf.o)
                0x00004946                __ltsf2
 .text          0x000049a6       0x60 c:/winavr-20081205/bin/../lib/gcc/avr/4.3.2/avr5\libgcc.a(_le_sf.o)
                0x000049a6                __lesf2
 .text          0x00004a06       0xbc c:/winavr-20081205/bin/../lib/gcc/avr/4.3.2/avr5\libgcc.a(_si_to_sf.o)
                0x00004a06                __floatsisf
 .text          0x00004ac2       0xa8 c:/winavr-20081205/bin/../lib/gcc/avr/4.3.2/avr5\libgcc.a(_sf_to_si.o)
                0x00004ac2                __fixsfsi
 .text          0x00004b6a        0x0 c:/winavr-20081205/bin/../lib/gcc/avr/4.3.2/avr5\libgcc.a(_thenan_sf.o)
 .text          0x00004b6a       0xf2 c:/winavr-20081205/bin/../lib/gcc/avr/4.3.2/avr5\libgcc.a(_usi_to_sf.o)
                0x00004b6a                __floatunsisf
 .text          0x00004c5c        0x0 c:/winavr-20081205/bin/../lib/gcc/avr/4.3.2/avr5\libgcc.a(_prologue.o)
 .text          0x00004c5c        0x0 c:/winavr-20081205/bin/../lib/gcc/avr/4.3.2/avr5\libgcc.a(_epilogue.o)
 .text          0x00004c5c       0x9e c:/winavr-20081205/bin/../lib/gcc/avr/4.3.2/avr5\libgcc.a(_clzsi2.o)
                0x00004c5c                __clzsi2
 .text          0x00004cfa      0x1aa c:/winavr-20081205/bin/../lib/gcc/avr/4.3.2/avr5\libgcc.a(_pack_sf.o)
                0x00004cfa                __pack_f
 .text          0x00004ea4       0xf0 c:/winavr-20081205/bin/../lib/gcc/avr/4.3.2/avr5\libgcc.a(_unpack_sf.o)
                0x00004ea4                __unpack_f
 .text          0x00004f94       0xb2 c:/winavr-20081205/bin/../lib/gcc/avr/4.3.2/avr5\libgcc.a(_fpcmp_parts_sf.o)
                0x00004f94                __fpcmp_parts_f
 .text          0x00005046        0x0 c:/winavr-20081205/bin/../lib/gcc/avr/4.3.2/avr5\libgcc.a(_clz.o)
                0x00005046                . = ALIGN (0x2)
 *(.text.*)
 .text.libgcc   0x00005046       0x28 c:/winavr-20081205/bin/../lib/gcc/avr/4.3.2/avr5\libgcc.a(_udivmodhi4.o)
                0x00005046                __udivmodhi4
 .text.libgcc   0x0000506e        0x0 c:/winavr-20081205/bin/../lib/gcc/avr/4.3.2/avr5\libgcc.a(_exit.o)
 .text.libgcc   0x0000506e        0x0 c:/winavr-20081205/bin/../lib/gcc/avr/4.3.2/avr5\libgcc.a(_copy_data.o)
 .text.libgcc   0x0000506e        0x0 c:/winavr-20081205/bin/../lib/gcc/avr/4.3.2/avr5\libgcc.a(_clear_bss.o)
 .text.libgcc   0x0000506e       0x38 c:/winavr-20081205/bin/../lib/gcc/avr/4.3.2/avr5\libgcc.a(_prologue.o)
                0x0000506e                __prologue_saves__
 .text.libgcc   0x000050a6       0x36 c:/winavr-20081205/bin/../lib/gcc/avr/4.3.2/avr5\libgcc.a(_epilogue.o)
                0x000050a6                __epilogue_restores__
                0x000050dc                . = ALIGN (0x2)
 *(.fini9)
 .fini9         0x000050dc        0x0 c:/winavr-20081205/bin/../lib/gcc/avr/4.3.2/avr5\libgcc.a(_exit.o)
                0x000050dc                exit
                0x000050dc                _exit
 *(.fini9)
 *(.fini8)
 *(.fini8)
 *(.fini7)
 *(.fini7)
 *(.fini6)
 *(.fini6)
 *(.fini5)
 *(.fini5)
 *(.fini4)
 *(.fini4)
 *(.fini3)
 *(.fini3)
 *(.fini2)
 *(.fini2)
 *(.fini1)
 *(.fini1)
 *(.fini0)
 .fini0         0x000050dc        0x4 c:/winavr-20081205/bin/../lib/gcc/avr/4.3.2/avr5\libgcc.a(_exit.o)
 *(.fini0)
                0x000050e0                _etext = .

.data           0x00800060      0x212 load address 0x000050e0
                0x00800060                PROVIDE (__data_start, .)
 *(.data)
 .data          0x00800060        0x0 c:/winavr-20081205/bin/../lib/gcc/avr/4.3.2/../../../../avr/lib/avr5/crtm32.o
 .data          0x00800060        0x0 Proto2.o
 .data          0x00800060        0x0 ADCcontrol.o
 .data          0x00800060        0x0 LedsControl.o
 .data          0x00800060        0x0 moteur.o
 .data          0x00800060        0x0 motorControl.o
 .data          0x00800060        0x0 portsControl.o
 .data          0x00800060        0x0 sonars.o
 .data          0x00800060        0x0 timer.o
 .data          0x00800060        0x0 uart.o
 .data          0x00800060        0x0 os_mem.o
 .data          0x00800060        0x0 os_cpu_c.o
 .data          0x00800060      0x10a ucos_ii.o
                0x00800060                OSMapTbl
                0x00800068                OSUnMapTbl
                0x00800168                OSDebugEn
 .data          0x0080016a        0x0 c:/winavr-20081205/bin/../lib/gcc/avr/4.3.2/avr5\libgcc.a(_udivmodhi4.o)
 .data          0x0080016a        0x0 c:/winavr-20081205/bin/../lib/gcc/avr/4.3.2/avr5\libgcc.a(_exit.o)
 .data          0x0080016a        0x0 c:/winavr-20081205/bin/../lib/gcc/avr/4.3.2/avr5\libgcc.a(_copy_data.o)
 .data          0x0080016a        0x0 c:/winavr-20081205/bin/../lib/gcc/avr/4.3.2/avr5\libgcc.a(_clear_bss.o)
 .data          0x0080016a        0x0 c:/winavr-20081205/bin/../lib/gcc/avr/4.3.2/avr5\libgcc.a(_addsub_sf.o)
 .data          0x0080016a        0x0 c:/winavr-20081205/bin/../lib/gcc/avr/4.3.2/avr5\libgcc.a(_mul_sf.o)
 .data          0x0080016a        0x0 c:/winavr-20081205/bin/../lib/gcc/avr/4.3.2/avr5\libgcc.a(_div_sf.o)
 .data          0x0080016a        0x0 c:/winavr-20081205/bin/../lib/gcc/avr/4.3.2/avr5\libgcc.a(_gt_sf.o)
 .data          0x0080016a        0x0 c:/winavr-20081205/bin/../lib/gcc/avr/4.3.2/avr5\libgcc.a(_ge_sf.o)
 .data          0x0080016a        0x0 c:/winavr-20081205/bin/../lib/gcc/avr/4.3.2/avr5\libgcc.a(_lt_sf.o)
 .data          0x0080016a        0x0 c:/winavr-20081205/bin/../lib/gcc/avr/4.3.2/avr5\libgcc.a(_le_sf.o)
 .data          0x0080016a        0x0 c:/winavr-20081205/bin/../lib/gcc/avr/4.3.2/avr5\libgcc.a(_si_to_sf.o)
 .data          0x0080016a        0x0 c:/winavr-20081205/bin/../lib/gcc/avr/4.3.2/avr5\libgcc.a(_sf_to_si.o)
 .data          0x0080016a        0x8 c:/winavr-20081205/bin/../lib/gcc/avr/4.3.2/avr5\libgcc.a(_thenan_sf.o)
                0x0080016a                __thenan_sf
 .data          0x00800172        0x0 c:/winavr-20081205/bin/../lib/gcc/avr/4.3.2/avr5\libgcc.a(_usi_to_sf.o)
 .data          0x00800172        0x0 c:/winavr-20081205/bin/../lib/gcc/avr/4.3.2/avr5\libgcc.a(_prologue.o)
 .data          0x00800172        0x0 c:/winavr-20081205/bin/../lib/gcc/avr/4.3.2/avr5\libgcc.a(_epilogue.o)
 .data          0x00800172        0x0 c:/winavr-20081205/bin/../lib/gcc/avr/4.3.2/avr5\libgcc.a(_clzsi2.o)
 .data          0x00800172        0x0 c:/winavr-20081205/bin/../lib/gcc/avr/4.3.2/avr5\libgcc.a(_pack_sf.o)
 .data          0x00800172        0x0 c:/winavr-20081205/bin/../lib/gcc/avr/4.3.2/avr5\libgcc.a(_unpack_sf.o)
 .data          0x00800172        0x0 c:/winavr-20081205/bin/../lib/gcc/avr/4.3.2/avr5\libgcc.a(_fpcmp_parts_sf.o)
 .data          0x00800172      0x100 c:/winavr-20081205/bin/../lib/gcc/avr/4.3.2/avr5\libgcc.a(_clz.o)
                0x00800172                __clz_tab
 *(.data*)
 *(.rodata)
 *(.rodata*)
 *(.gnu.linkonce.d*)
                0x00800272                . = ALIGN (0x2)
                0x00800272                _edata = .
                0x00800272                PROVIDE (__data_end, .)

.bss            0x00800272      0x52a
                0x00800272                PROVIDE (__bss_start, .)
 *(.bss)
 .bss           0x00800272        0x0 c:/winavr-20081205/bin/../lib/gcc/avr/4.3.2/../../../../avr/lib/avr5/crtm32.o
 .bss           0x00800272        0x0 Proto2.o
 .bss           0x00800272        0x0 ADCcontrol.o
 .bss           0x00800272        0x0 LedsControl.o
 .bss           0x00800272       0x20 moteur.o
 .bss           0x00800292        0x0 motorControl.o
 .bss           0x00800292        0x0 portsControl.o
 .bss           0x00800292        0x0 sonars.o
 .bss           0x00800292        0x0 timer.o
 .bss           0x00800292        0x0 uart.o
 .bss           0x00800292        0x0 os_mem.o
 .bss           0x00800292        0x0 os_cpu_c.o
 .bss           0x00800292        0x0 ucos_ii.o
 .bss           0x00800292        0x0 c:/winavr-20081205/bin/../lib/gcc/avr/4.3.2/avr5\libgcc.a(_udivmodhi4.o)
 .bss           0x00800292        0x0 c:/winavr-20081205/bin/../lib/gcc/avr/4.3.2/avr5\libgcc.a(_exit.o)
 .bss           0x00800292        0x0 c:/winavr-20081205/bin/../lib/gcc/avr/4.3.2/avr5\libgcc.a(_copy_data.o)
 .bss           0x00800292        0x0 c:/winavr-20081205/bin/../lib/gcc/avr/4.3.2/avr5\libgcc.a(_clear_bss.o)
 .bss           0x00800292        0x0 c:/winavr-20081205/bin/../lib/gcc/avr/4.3.2/avr5\libgcc.a(_addsub_sf.o)
 .bss           0x00800292        0x0 c:/winavr-20081205/bin/../lib/gcc/avr/4.3.2/avr5\libgcc.a(_mul_sf.o)
 .bss           0x00800292        0x0 c:/winavr-20081205/bin/../lib/gcc/avr/4.3.2/avr5\libgcc.a(_div_sf.o)
 .bss           0x00800292        0x0 c:/winavr-20081205/bin/../lib/gcc/avr/4.3.2/avr5\libgcc.a(_gt_sf.o)
 .bss           0x00800292        0x0 c:/winavr-20081205/bin/../lib/gcc/avr/4.3.2/avr5\libgcc.a(_ge_sf.o)
 .bss           0x00800292        0x0 c:/winavr-20081205/bin/../lib/gcc/avr/4.3.2/avr5\libgcc.a(_lt_sf.o)
 .bss           0x00800292        0x0 c:/winavr-20081205/bin/../lib/gcc/avr/4.3.2/avr5\libgcc.a(_le_sf.o)
 .bss           0x00800292        0x0 c:/winavr-20081205/bin/../lib/gcc/avr/4.3.2/avr5\libgcc.a(_si_to_sf.o)
 .bss           0x00800292        0x0 c:/winavr-20081205/bin/../lib/gcc/avr/4.3.2/avr5\libgcc.a(_sf_to_si.o)
 .bss           0x00800292        0x0 c:/winavr-20081205/bin/../lib/gcc/avr/4.3.2/avr5\libgcc.a(_thenan_sf.o)
 .bss           0x00800292        0x0 c:/winavr-20081205/bin/../lib/gcc/avr/4.3.2/avr5\libgcc.a(_usi_to_sf.o)
 .bss           0x00800292        0x0 c:/winavr-20081205/bin/../lib/gcc/avr/4.3.2/avr5\libgcc.a(_prologue.o)
 .bss           0x00800292        0x0 c:/winavr-20081205/bin/../lib/gcc/avr/4.3.2/avr5\libgcc.a(_epilogue.o)
 .bss           0x00800292        0x0 c:/winavr-20081205/bin/../lib/gcc/avr/4.3.2/avr5\libgcc.a(_clzsi2.o)
 .bss           0x00800292        0x0 c:/winavr-20081205/bin/../lib/gcc/avr/4.3.2/avr5\libgcc.a(_pack_sf.o)
 .bss           0x00800292        0x0 c:/winavr-20081205/bin/../lib/gcc/avr/4.3.2/avr5\libgcc.a(_unpack_sf.o)
 .bss           0x00800292        0x0 c:/winavr-20081205/bin/../lib/gcc/avr/4.3.2/avr5\libgcc.a(_fpcmp_parts_sf.o)
 .bss           0x00800292        0x0 c:/winavr-20081205/bin/../lib/gcc/avr/4.3.2/avr5\libgcc.a(_clz.o)
 *(.bss*)
 *(COMMON)
 COMMON         0x00800292      0x2d8 Proto2.o
                0x00800292                computedCommand
                0x0080029a                adcValues
                0x008002a2                twiStateMachine
                0x008002a3                objectDetectedLeft
                0x008002a4                rightLimits
                0x008002c8                ADCcalib_value
                0x008002cc                leftPingFlag
                0x008002cd                string_valueToSend
                0x008002d1                patate
                0x008002d2                Task_Button
                0x00800368                timer1ReadyFlag
                0x00800369                adcCompletedFlag
                0x0080036a                dataToCompute
                0x0080036b                pingCounter
                0x0080036c                convertedMotorSpeed
                0x00800370                patate2
                0x00800371                ActualValueRight
                0x00800373                leftObjectLed
                0x00800374                dutyCycleRight
                0x00800378                TWIstate
                0x00800379                ledState
                0x00800381                SonarData
                0x0080038f                adcMUXValue
                0x00800390                actualCommand
                0x00800392                requestedCommand
                0x00800394                i
                0x00800395                stopFlag
                0x00800396                allo
                0x0080039a                rightPingFlag
                0x0080039b                rightObjectLed
                0x0080039c                TotalValueLeft
                0x0080039e                leftLimits
                0x008003c2                data
                0x008003c3                ReceiverState
                0x008003c4                objectDetectedRight
                0x008003c5                motorCommandCompletedFlag
                0x008003c6                uartTxReady
                0x008003c7                adcReadyFlag
                0x008003c8                ActualValueLeft
                0x008003ca                adcCalibrationFlag
                0x008003cb                motorReadyFlag
                0x008003cc                robotState
                0x008003cd                motorDirection
                0x008003ce                uartLedFlag
                0x008003cf                echo_on_flag
                0x008003d0                dutyCycleLeft
                0x008003d4                Task_Main
                0x00800564                TotalValueRight
                0x00800566                adcValuesCounter
                0x00800568                adcCompileReadyFlag
                0x00800569                uartReadyFlag
 COMMON         0x0080056a      0x232 ucos_ii.o
                0x0080056a                OSLockNesting
                0x0080056b                OSRunning
                0x0080056c                OSIdleCtr
                0x00800570                OSPrioHighRdy
                0x00800571                OSFlagTbl
                0x00800585                OSPrioCur
                0x00800586                OSTCBList
                0x00800588                OSCtxSwCtr
                0x0080058c                OSTCBFreeList
                0x0080058e                OSTaskCtr
                0x0080058f                OSQTbl
                0x008005ab                OSTCBHighRdy
                0x008005ad                OSQFreeList
                0x008005af                OSRdyGrp
                0x008005b0                OSRdyTbl
                0x008005b2                OSEventFreeList
                0x008005b4                OSIntExitY
                0x008005b5                OSIntNesting
                0x008005b6                OSTCBCur
                0x008005b8                OSTaskIdleStk
                0x0080061c                OSEventTbl
                0x008006bc                OSTCBTbl
                0x0080077a                OSFlagFreeList
                0x0080077c                OSTCBPrioTbl
                0x0080079c                PROVIDE (__bss_end, .)
                0x000050e0                __data_load_start = LOADADDR (.data)
                0x000052f2                __data_load_end = (__data_load_start + SIZEOF (.data))

.noinit         0x0080079c        0x0
                0x0080079c                PROVIDE (__noinit_start, .)
 *(.noinit*)
                0x0080079c                PROVIDE (__noinit_end, .)
                0x0080079c                _end = .
                0x0080079c                PROVIDE (__heap_start, .)

.eeprom         0x00810000        0x0
 *(.eeprom*)
                0x00810000                __eeprom_end = .

.fuse
 *(.fuse)
 *(.lfuse)
 *(.hfuse)
 *(.efuse)

.lock
 *(.lock*)

.signature
 *(.signature*)

.stab
 *(.stab)

.stabstr
 *(.stabstr)

.stab.excl
 *(.stab.excl)

.stab.exclstr
 *(.stab.exclstr)

.stab.index
 *(.stab.index)

.stab.indexstr
 *(.stab.indexstr)

.comment
 *(.comment)

.debug
 *(.debug)

.line
 *(.line)

.debug_srcinfo
 *(.debug_srcinfo)

.debug_sfnames
 *(.debug_sfnames)

.debug_aranges  0x00000000      0x160
 *(.debug_aranges)
 .debug_aranges
                0x00000000       0x20 Proto2.o
 .debug_aranges
                0x00000020       0x20 ADCcontrol.o
 .debug_aranges
                0x00000040       0x20 LedsControl.o
 .debug_aranges
                0x00000060       0x20 moteur.o
 .debug_aranges
                0x00000080       0x20 motorControl.o
 .debug_aranges
                0x000000a0       0x20 portsControl.o
 .debug_aranges
                0x000000c0       0x20 sonars.o
 .debug_aranges
                0x000000e0       0x20 timer.o
 .debug_aranges
                0x00000100       0x20 uart.o
 .debug_aranges
                0x00000120       0x20 os_cpu_c.o
 .debug_aranges
                0x00000140       0x20 ucos_ii.o

.debug_pubnames
                0x00000000     0x16c0
 *(.debug_pubnames)
 .debug_pubnames
                0x00000000      0x39f Proto2.o
 .debug_pubnames
                0x0000039f      0x367 ADCcontrol.o
 .debug_pubnames
                0x00000706      0x100 LedsControl.o
 .debug_pubnames
                0x00000806       0x20 moteur.o
 .debug_pubnames
                0x00000826      0x22c motorControl.o
 .debug_pubnames
                0x00000a52      0x124 portsControl.o
 .debug_pubnames
                0x00000b76      0x145 sonars.o
 .debug_pubnames
                0x00000cbb      0x154 timer.o
 .debug_pubnames
                0x00000e0f      0x2e0 uart.o
 .debug_pubnames
                0x000010ef      0x11a os_cpu_c.o
 .debug_pubnames
                0x00001209      0x4b7 ucos_ii.o

.debug_info     0x00000000     0x4532
 *(.debug_info)
 .debug_info    0x00000000      0x745 Proto2.o
 .debug_info    0x00000745      0x69c ADCcontrol.o
 .debug_info    0x00000de1      0x217 LedsControl.o
 .debug_info    0x00000ff8      0x13f moteur.o
 .debug_info    0x00001137      0x49c motorControl.o
 .debug_info    0x000015d3      0x2da portsControl.o
 .debug_info    0x000018ad      0x2eb sonars.o
 .debug_info    0x00001b98      0x2e4 timer.o
 .debug_info    0x00001e7c      0x5ff uart.o
 .debug_info    0x0000247b       0x68 os_mem.o
 .debug_info    0x000024e3      0x45a os_cpu_c.o
 .debug_info    0x0000293d     0x1bf5 ucos_ii.o
 *(.gnu.linkonce.wi.*)

.debug_abbrev   0x00000000      0xc7c
 *(.debug_abbrev)
 .debug_abbrev  0x00000000       0xed Proto2.o
 .debug_abbrev  0x000000ed       0xf1 ADCcontrol.o
 .debug_abbrev  0x000001de       0xe8 LedsControl.o
 .debug_abbrev  0x000002c6       0x86 moteur.o
 .debug_abbrev  0x0000034c       0xcb motorControl.o
 .debug_abbrev  0x00000417       0xcb portsControl.o
 .debug_abbrev  0x000004e2       0x9c sonars.o
 .debug_abbrev  0x0000057e       0x87 timer.o
 .debug_abbrev  0x00000605      0x150 uart.o
 .debug_abbrev  0x00000755       0x33 os_mem.o
 .debug_abbrev  0x00000788      0x19a os_cpu_c.o
 .debug_abbrev  0x00000922      0x35a ucos_ii.o

.debug_line     0x00000000     0x3c1d
 *(.debug_line)
 .debug_line    0x00000000      0x1b1 Proto2.o
 .debug_line    0x000001b1      0x695 ADCcontrol.o
 .debug_line    0x00000846      0x3bc LedsControl.o
 .debug_line    0x00000c02       0xf8 moteur.o
 .debug_line    0x00000cfa      0x261 motorControl.o
 .debug_line    0x00000f5b      0x147 portsControl.o
 .debug_line    0x000010a2      0x47b sonars.o
 .debug_line    0x0000151d      0x12b timer.o
 .debug_line    0x00001648      0x325 uart.o
 .debug_line    0x0000196d       0x41 os_mem.o
 .debug_line    0x000019ae      0x344 os_cpu_c.o
 .debug_line    0x00001cf2     0x1f2b ucos_ii.o

.debug_frame    0x00000000      0x7a0
 *(.debug_frame)
 .debug_frame   0x00000000       0x40 Proto2.o
 .debug_frame   0x00000040       0xb0 ADCcontrol.o
 .debug_frame   0x000000f0       0x90 LedsControl.o
 .debug_frame   0x00000180       0x20 moteur.o
 .debug_frame   0x000001a0       0x60 motorControl.o
 .debug_frame   0x00000200       0x40 portsControl.o
 .debug_frame   0x00000240       0x70 sonars.o
 .debug_frame   0x000002b0       0x40 timer.o
 .debug_frame   0x000002f0       0x80 uart.o
 .debug_frame   0x00000370      0x100 os_cpu_c.o
 .debug_frame   0x00000470      0x330 ucos_ii.o

.debug_str      0x00000000      0xfe2
 *(.debug_str)
 .debug_str     0x00000000      0x503 Proto2.o
                                0x56a (size before relaxing)
 .debug_str     0x00000503       0x88 ADCcontrol.o
                                0x510 (size before relaxing)
 .debug_str     0x0000058b       0x7a LedsControl.o
                                0x1c2 (size before relaxing)
 .debug_str     0x00000605       0x5a moteur.o
                                 0xae (size before relaxing)
 .debug_str     0x0000065f       0x59 motorControl.o
                                0x3b2 (size before relaxing)
 .debug_str     0x000006b8       0x36 portsControl.o
                                0x286 (size before relaxing)
 .debug_str     0x000006ee       0x54 sonars.o
                                0x299 (size before relaxing)
 .debug_str     0x00000742       0x30 timer.o
                                0x2a7 (size before relaxing)
 .debug_str     0x00000772       0x66 uart.o
                                0x447 (size before relaxing)
 .debug_str     0x000007d8       0x16 os_mem.o
                                 0xcb (size before relaxing)
 .debug_str     0x000007ee      0x22f os_cpu_c.o
                                0x2eb (size before relaxing)
 .debug_str     0x00000a1d      0x5c5 ucos_ii.o
                                0x7db (size before relaxing)

.debug_loc      0x00000000     0x1936
 *(.debug_loc)
 .debug_loc     0x00000000       0x30 Proto2.o
 .debug_loc     0x00000030      0x152 moteur.o
 .debug_loc     0x00000182       0x46 uart.o
 .debug_loc     0x000001c8       0x30 os_cpu_c.o
 .debug_loc     0x000001f8     0x173e ucos_ii.o

.debug_macinfo
 *(.debug_macinfo)
OUTPUT(Proto2.elf elf32-avr)
LOAD linker stubs
