Archive member included because of file (symbol)

c:/winavr-20081205/bin/../lib/gcc/avr/4.3.2/avr5\libgcc.a(_udivmodhi4.o)
                              ADCcontrol.o (__udivmodhi4)
c:/winavr-20081205/bin/../lib/gcc/avr/4.3.2/avr5\libgcc.a(_exit.o)
                              c:/winavr-20081205/bin/../lib/gcc/avr/4.3.2/../../../../avr/lib/avr5/crtm32.o (exit)
c:/winavr-20081205/bin/../lib/gcc/avr/4.3.2/avr5\libgcc.a(_copy_data.o)
                              Proto2.o (__do_copy_data)
c:/winavr-20081205/bin/../lib/gcc/avr/4.3.2/avr5\libgcc.a(_clear_bss.o)
                              Proto2.o (__do_clear_bss)
c:/winavr-20081205/bin/../lib/gcc/avr/4.3.2/avr5\libgcc.a(_addsub_sf.o)
                              ADCcontrol.o (__subsf3)
c:/winavr-20081205/bin/../lib/gcc/avr/4.3.2/avr5\libgcc.a(_mul_sf.o)
                              ADCcontrol.o (__mulsf3)
c:/winavr-20081205/bin/../lib/gcc/avr/4.3.2/avr5\libgcc.a(_div_sf.o)
                              ADCcontrol.o (__divsf3)
c:/winavr-20081205/bin/../lib/gcc/avr/4.3.2/avr5\libgcc.a(_gt_sf.o)
                              ADCcontrol.o (__gtsf2)
c:/winavr-20081205/bin/../lib/gcc/avr/4.3.2/avr5\libgcc.a(_ge_sf.o)
                              moteur.o (__gesf2)
c:/winavr-20081205/bin/../lib/gcc/avr/4.3.2/avr5\libgcc.a(_lt_sf.o)
                              ADCcontrol.o (__ltsf2)
c:/winavr-20081205/bin/../lib/gcc/avr/4.3.2/avr5\libgcc.a(_le_sf.o)
                              moteur.o (__lesf2)
c:/winavr-20081205/bin/../lib/gcc/avr/4.3.2/avr5\libgcc.a(_si_to_sf.o)
                              moteur.o (__floatsisf)
c:/winavr-20081205/bin/../lib/gcc/avr/4.3.2/avr5\libgcc.a(_sf_to_si.o)
                              motorControl.o (__fixsfsi)
c:/winavr-20081205/bin/../lib/gcc/avr/4.3.2/avr5\libgcc.a(_thenan_sf.o)
                              c:/winavr-20081205/bin/../lib/gcc/avr/4.3.2/avr5\libgcc.a(_addsub_sf.o) (__thenan_sf)
c:/winavr-20081205/bin/../lib/gcc/avr/4.3.2/avr5\libgcc.a(_usi_to_sf.o)
                              ADCcontrol.o (__floatunsisf)
c:/winavr-20081205/bin/../lib/gcc/avr/4.3.2/avr5\libgcc.a(_prologue.o)
                              c:/winavr-20081205/bin/../lib/gcc/avr/4.3.2/avr5\libgcc.a(_addsub_sf.o) (__prologue_saves__)
c:/winavr-20081205/bin/../lib/gcc/avr/4.3.2/avr5\libgcc.a(_epilogue.o)
                              c:/winavr-20081205/bin/../lib/gcc/avr/4.3.2/avr5\libgcc.a(_addsub_sf.o) (__epilogue_restores__)
c:/winavr-20081205/bin/../lib/gcc/avr/4.3.2/avr5\libgcc.a(_clzsi2.o)
                              c:/winavr-20081205/bin/../lib/gcc/avr/4.3.2/avr5\libgcc.a(_si_to_sf.o) (__clzsi2)
c:/winavr-20081205/bin/../lib/gcc/avr/4.3.2/avr5\libgcc.a(_pack_sf.o)
                              c:/winavr-20081205/bin/../lib/gcc/avr/4.3.2/avr5\libgcc.a(_addsub_sf.o) (__pack_f)
c:/winavr-20081205/bin/../lib/gcc/avr/4.3.2/avr5\libgcc.a(_unpack_sf.o)
                              c:/winavr-20081205/bin/../lib/gcc/avr/4.3.2/avr5\libgcc.a(_addsub_sf.o) (__unpack_f)
c:/winavr-20081205/bin/../lib/gcc/avr/4.3.2/avr5\libgcc.a(_fpcmp_parts_sf.o)
                              c:/winavr-20081205/bin/../lib/gcc/avr/4.3.2/avr5\libgcc.a(_gt_sf.o) (__fpcmp_parts_f)
c:/winavr-20081205/bin/../lib/gcc/avr/4.3.2/avr5\libgcc.a(_clz.o)
                              c:/winavr-20081205/bin/../lib/gcc/avr/4.3.2/avr5\libgcc.a(_clzsi2.o) (__clz_tab)
c:/winavr-20081205/bin/../lib/gcc/avr/4.3.2/../../../../avr/lib/avr5\libc.a(strcpy.o)
                              uart.o (strcpy)
c:/winavr-20081205/bin/../lib/gcc/avr/4.3.2/../../../../avr/lib/avr5\libc.a(strncpy.o)
                              uart.o (strncpy)

Allocating common symbols
Common symbol       size              file

computedCommand     0x8               Proto2.o
adcValues           0x8               Proto2.o
twiStateMachine     0x1               Proto2.o
debugStreamPos      0x1               Proto2.o
objectDetectedLeft  0x1               Proto2.o
rightLimits         0x24              Proto2.o
ADCcalib_value      0x4               Proto2.o
leftPingFlag        0x1               Proto2.o
string_valueToSend  0x4               Proto2.o
patate              0x1               Proto2.o
timer1ReadyFlag     0x1               Proto2.o
adcCompletedFlag    0x1               Proto2.o
dataToCompute       0x1               Proto2.o
pingCounter         0x1               Proto2.o
convertedMotorSpeed
                    0x4               Proto2.o
patate2             0x1               Proto2.o
ActualValueRight    0x2               Proto2.o
debugValueToSend    0xa               Proto2.o
leftObjectLed       0x1               Proto2.o
dutyCycleRight      0x4               Proto2.o
TWIstate            0x1               Proto2.o
ledState            0x8               Proto2.o
SonarData           0xe               Proto2.o
adcMUXValue         0x1               Proto2.o
actualCommand       0x2               Proto2.o
requestedCommand    0x2               Proto2.o
i                   0x1               Proto2.o
stopFlag            0x1               Proto2.o
allo                0x4               Proto2.o
rightPingFlag       0x1               Proto2.o
rightObjectLed      0x1               Proto2.o
TotalValueLeft      0x2               Proto2.o
leftLimits          0x24              Proto2.o
data                0x1               Proto2.o
ReceiverState       0x1               Proto2.o
objectDetectedRight
                    0x1               Proto2.o
motorCommandCompletedFlag
                    0x1               Proto2.o
uartTxReady         0x1               Proto2.o
adcReadyFlag        0x1               Proto2.o
ActualValueLeft     0x2               Proto2.o
adcCalibrationFlag  0x1               Proto2.o
debugStream         0x64              Proto2.o
motorReadyFlag      0x1               Proto2.o
robotState          0x1               Proto2.o
motorDirection      0x1               Proto2.o
uartLedFlag         0x1               Proto2.o
echo_on_flag        0x1               Proto2.o
dutyCycleLeft       0x4               Proto2.o
TotalValueRight     0x2               Proto2.o
adcValuesCounter    0x2               Proto2.o
adcCompileReadyFlag
                    0x1               Proto2.o
uartReadyFlag       0x1               Proto2.o

Memory Configuration

Name             Origin             Length             Attributes
text             0x00000000         0x00020000         xr
data             0x00800060         0x0000ffa0         rw !x
eeprom           0x00810000         0x00010000         rw !x
fuse             0x00820000         0x00000400         rw !x
lock             0x00830000         0x00000400         rw !x
signature        0x00840000         0x00000400         rw !x
*default*        0x00000000         0xffffffff

Linker script and memory map

LOAD c:/winavr-20081205/bin/../lib/gcc/avr/4.3.2/../../../../avr/lib/avr5/crtm32.o
LOAD Proto2.o
LOAD ADCcontrol.o
LOAD LedsControl.o
LOAD moteur.o
LOAD motorControl.o
LOAD portsControl.o
LOAD sonars.o
LOAD timer.o
LOAD uart.o
LOAD c:/winavr-20081205/bin/../lib/gcc/avr/4.3.2/avr5\libgcc.a
LOAD c:/winavr-20081205/bin/../lib/gcc/avr/4.3.2/../../../../avr/lib/avr5\libc.a
LOAD c:/winavr-20081205/bin/../lib/gcc/avr/4.3.2/avr5\libgcc.a

.hash
 *(.hash)

.dynsym
 *(.dynsym)

.dynstr
 *(.dynstr)

.gnu.version
 *(.gnu.version)

.gnu.version_d
 *(.gnu.version_d)

.gnu.version_r
 *(.gnu.version_r)

.rel.init
 *(.rel.init)

.rela.init
 *(.rela.init)

.rel.text
 *(.rel.text)
 *(.rel.text.*)
 *(.rel.gnu.linkonce.t*)

.rela.text
 *(.rela.text)
 *(.rela.text.*)
 *(.rela.gnu.linkonce.t*)

.rel.fini
 *(.rel.fini)

.rela.fini
 *(.rela.fini)

.rel.rodata
 *(.rel.rodata)
 *(.rel.rodata.*)
 *(.rel.gnu.linkonce.r*)

.rela.rodata
 *(.rela.rodata)
 *(.rela.rodata.*)
 *(.rela.gnu.linkonce.r*)

.rel.data
 *(.rel.data)
 *(.rel.data.*)
 *(.rel.gnu.linkonce.d*)

.rela.data
 *(.rela.data)
 *(.rela.data.*)
 *(.rela.gnu.linkonce.d*)

.rel.ctors
 *(.rel.ctors)

.rela.ctors
 *(.rela.ctors)

.rel.dtors
 *(.rel.dtors)

.rela.dtors
 *(.rela.dtors)

.rel.got
 *(.rel.got)

.rela.got
 *(.rela.got)

.rel.bss
 *(.rel.bss)

.rela.bss
 *(.rela.bss)

.rel.plt
 *(.rel.plt)

.rela.plt
 *(.rela.plt)

.text           0x00000000     0x2fee
 *(.vectors)
 .vectors       0x00000000       0x54 c:/winavr-20081205/bin/../lib/gcc/avr/4.3.2/../../../../avr/lib/avr5/crtm32.o
                0x00000000                __vectors
                0x00000000                __vector_default
 *(.vectors)
 *(.progmem.gcc*)
 *(.progmem*)
                0x00000054                . = ALIGN (0x2)
                0x00000054                __trampolines_start = .
 *(.trampolines)
 .trampolines   0x00000054        0x0 linker stubs
 *(.trampolines*)
                0x00000054                __trampolines_end = .
 *(.jumptables)
 *(.jumptables*)
 *(.lowtext)
 *(.lowtext*)
                0x00000054                __ctors_start = .
 *(.ctors)
                0x00000054                __ctors_end = .
                0x00000054                __dtors_start = .
 *(.dtors)
                0x00000054                __dtors_end = .
 SORT(*)(.ctors)
 SORT(*)(.dtors)
 *(.init0)
 .init0         0x00000054        0x0 c:/winavr-20081205/bin/../lib/gcc/avr/4.3.2/../../../../avr/lib/avr5/crtm32.o
                0x00000054                __init
 *(.init0)
 *(.init1)
 *(.init1)
 *(.init2)
 .init2         0x00000054        0xc c:/winavr-20081205/bin/../lib/gcc/avr/4.3.2/../../../../avr/lib/avr5/crtm32.o
 *(.init2)
 *(.init3)
 *(.init3)
 *(.init4)
 .init4         0x00000060       0x16 c:/winavr-20081205/bin/../lib/gcc/avr/4.3.2/avr5\libgcc.a(_copy_data.o)
                0x00000060                __do_copy_data
 .init4         0x00000076       0x10 c:/winavr-20081205/bin/../lib/gcc/avr/4.3.2/avr5\libgcc.a(_clear_bss.o)
                0x00000076                __do_clear_bss
 *(.init4)
 *(.init5)
 *(.init5)
 *(.init6)
 *(.init6)
 *(.init7)
 *(.init7)
 *(.init8)
 *(.init8)
 *(.init9)
 .init9         0x00000086        0x8 c:/winavr-20081205/bin/../lib/gcc/avr/4.3.2/../../../../avr/lib/avr5/crtm32.o
 *(.init9)
 *(.text)
 .text          0x0000008e        0x4 c:/winavr-20081205/bin/../lib/gcc/avr/4.3.2/../../../../avr/lib/avr5/crtm32.o
                0x0000008e                __vector_1
                0x0000008e                __vector_12
                0x0000008e                __bad_interrupt
                0x0000008e                __vector_6
                0x0000008e                __vector_3
                0x0000008e                __vector_11
                0x0000008e                __vector_17
                0x0000008e                __vector_7
                0x0000008e                __vector_5
                0x0000008e                __vector_4
                0x0000008e                __vector_2
                0x0000008e                __vector_8
                0x0000008e                __vector_14
                0x0000008e                __vector_10
                0x0000008e                __vector_18
                0x0000008e                __vector_20
 .text          0x00000092       0x4a Proto2.o
                0x00000092                main
 .text          0x000000dc      0xd04 ADCcontrol.o
                0x000006da                calibrateMotors
                0x0000011a                initADC
                0x00000294                readADC
                0x0000010a                stopADC
                0x00000dca                waitValueIsReady
                0x000000dc                startADC
                0x00000200                fetchAdcValues
                0x000006c0                checkForAdc
                0x000002b4                __vector_16
                0x00000304                compileAdcData
 .text          0x00000de0      0x2d4 LedsControl.o
                0x00000de0                initLeds
                0x00000f58                pingSonarLeft
                0x00000e64                obstacleDetectedLeds
                0x00000e34                ledDeadState
                0x00000fde                pingSonarRight
                0x00000ed2                pingUart
                0x00000e9a                ledAliveState
                0x00001064                flashLeds
 .text          0x000010b4      0x58a moteur.o
                0x000010b4                CalculPWM
 .text          0x0000163e      0x2ee motorControl.o
                0x000017bc                convertValuesToInt
                0x000016c6                checkDirection
                0x0000163e                initMotors
                0x0000180e                setMotors
                0x00001780                setMotorOutputs
 .text          0x0000192c       0x4e portsControl.o
                0x0000192c                initPorts
                0x00001944                checkControls
                0x0000193e                setWatchDog
 .text          0x0000197a      0x390 sonars.o
                0x00001b7a                setTWIstream
                0x00001994                resetTWI
                0x00001b32                __vector_19
                0x0000197a                configureTWI
                0x00001cf8                processTWI
                0x000019ba                TWIcheckState
 .text          0x00001d0a       0x6e timer.o
                0x00001d28                initTimer1
                0x00001d0a                __vector_9
                0x00001d54                dealWithMotors
 .text          0x00001d78      0x350 uart.o
                0x00001f5c                uart_send
                0x00001f14                transmitByte
                0x00001de2                __vector_13
                0x00002082                uart_init
                0x00001d78                processData
                0x00001e3e                uartReceive
                0x00001fa6                __vector_15
                0x00002008                sendDebugValue
 .text          0x000020c8        0x0 c:/winavr-20081205/bin/../lib/gcc/avr/4.3.2/avr5\libgcc.a(_udivmodhi4.o)
 .text          0x000020c8        0x0 c:/winavr-20081205/bin/../lib/gcc/avr/4.3.2/avr5\libgcc.a(_exit.o)
 .text          0x000020c8        0x0 c:/winavr-20081205/bin/../lib/gcc/avr/4.3.2/avr5\libgcc.a(_copy_data.o)
 .text          0x000020c8        0x0 c:/winavr-20081205/bin/../lib/gcc/avr/4.3.2/avr5\libgcc.a(_clear_bss.o)
 .text          0x000020c8      0x354 c:/winavr-20081205/bin/../lib/gcc/avr/4.3.2/avr5\libgcc.a(_addsub_sf.o)
                0x00002360                __subsf3
                0x000023c2                __addsf3
 .text          0x0000241c      0x1f4 c:/winavr-20081205/bin/../lib/gcc/avr/4.3.2/avr5\libgcc.a(_mul_sf.o)
                0x0000241c                __mulsf3
 .text          0x00002610      0x158 c:/winavr-20081205/bin/../lib/gcc/avr/4.3.2/avr5\libgcc.a(_div_sf.o)
                0x00002610                __divsf3
 .text          0x00002768       0x60 c:/winavr-20081205/bin/../lib/gcc/avr/4.3.2/avr5\libgcc.a(_gt_sf.o)
                0x00002768                __gtsf2
 .text          0x000027c8       0x60 c:/winavr-20081205/bin/../lib/gcc/avr/4.3.2/avr5\libgcc.a(_ge_sf.o)
                0x000027c8                __gesf2
 .text          0x00002828       0x60 c:/winavr-20081205/bin/../lib/gcc/avr/4.3.2/avr5\libgcc.a(_lt_sf.o)
                0x00002828                __ltsf2
 .text          0x00002888       0x60 c:/winavr-20081205/bin/../lib/gcc/avr/4.3.2/avr5\libgcc.a(_le_sf.o)
                0x00002888                __lesf2
 .text          0x000028e8       0xbc c:/winavr-20081205/bin/../lib/gcc/avr/4.3.2/avr5\libgcc.a(_si_to_sf.o)
                0x000028e8                __floatsisf
 .text          0x000029a4       0xa8 c:/winavr-20081205/bin/../lib/gcc/avr/4.3.2/avr5\libgcc.a(_sf_to_si.o)
                0x000029a4                __fixsfsi
 .text          0x00002a4c        0x0 c:/winavr-20081205/bin/../lib/gcc/avr/4.3.2/avr5\libgcc.a(_thenan_sf.o)
 .text          0x00002a4c       0xf2 c:/winavr-20081205/bin/../lib/gcc/avr/4.3.2/avr5\libgcc.a(_usi_to_sf.o)
                0x00002a4c                __floatunsisf
 .text          0x00002b3e        0x0 c:/winavr-20081205/bin/../lib/gcc/avr/4.3.2/avr5\libgcc.a(_prologue.o)
 .text          0x00002b3e        0x0 c:/winavr-20081205/bin/../lib/gcc/avr/4.3.2/avr5\libgcc.a(_epilogue.o)
 .text          0x00002b3e       0x9e c:/winavr-20081205/bin/../lib/gcc/avr/4.3.2/avr5\libgcc.a(_clzsi2.o)
                0x00002b3e                __clzsi2
 .text          0x00002bdc      0x1aa c:/winavr-20081205/bin/../lib/gcc/avr/4.3.2/avr5\libgcc.a(_pack_sf.o)
                0x00002bdc                __pack_f
 .text          0x00002d86       0xf0 c:/winavr-20081205/bin/../lib/gcc/avr/4.3.2/avr5\libgcc.a(_unpack_sf.o)
                0x00002d86                __unpack_f
 .text          0x00002e76       0xb2 c:/winavr-20081205/bin/../lib/gcc/avr/4.3.2/avr5\libgcc.a(_fpcmp_parts_sf.o)
                0x00002e76                __fpcmp_parts_f
 .text          0x00002f28        0x0 c:/winavr-20081205/bin/../lib/gcc/avr/4.3.2/avr5\libgcc.a(_clz.o)
 .text          0x00002f28        0xe c:/winavr-20081205/bin/../lib/gcc/avr/4.3.2/../../../../avr/lib/avr5\libc.a(strcpy.o)
                0x00002f28                strcpy
 .text          0x00002f36       0x1e c:/winavr-20081205/bin/../lib/gcc/avr/4.3.2/../../../../avr/lib/avr5\libc.a(strncpy.o)
                0x00002f36                strncpy
                0x00002f54                . = ALIGN (0x2)
 *(.text.*)
 .text.libgcc   0x00002f54       0x28 c:/winavr-20081205/bin/../lib/gcc/avr/4.3.2/avr5\libgcc.a(_udivmodhi4.o)
                0x00002f54                __udivmodhi4
 .text.libgcc   0x00002f7c        0x0 c:/winavr-20081205/bin/../lib/gcc/avr/4.3.2/avr5\libgcc.a(_exit.o)
 .text.libgcc   0x00002f7c        0x0 c:/winavr-20081205/bin/../lib/gcc/avr/4.3.2/avr5\libgcc.a(_copy_data.o)
 .text.libgcc   0x00002f7c        0x0 c:/winavr-20081205/bin/../lib/gcc/avr/4.3.2/avr5\libgcc.a(_clear_bss.o)
 .text.libgcc   0x00002f7c       0x38 c:/winavr-20081205/bin/../lib/gcc/avr/4.3.2/avr5\libgcc.a(_prologue.o)
                0x00002f7c                __prologue_saves__
 .text.libgcc   0x00002fb4       0x36 c:/winavr-20081205/bin/../lib/gcc/avr/4.3.2/avr5\libgcc.a(_epilogue.o)
                0x00002fb4                __epilogue_restores__
                0x00002fea                . = ALIGN (0x2)
 *(.fini9)
 .fini9         0x00002fea        0x0 c:/winavr-20081205/bin/../lib/gcc/avr/4.3.2/avr5\libgcc.a(_exit.o)
                0x00002fea                exit
                0x00002fea                _exit
 *(.fini9)
 *(.fini8)
 *(.fini8)
 *(.fini7)
 *(.fini7)
 *(.fini6)
 *(.fini6)
 *(.fini5)
 *(.fini5)
 *(.fini4)
 *(.fini4)
 *(.fini3)
 *(.fini3)
 *(.fini2)
 *(.fini2)
 *(.fini1)
 *(.fini1)
 *(.fini0)
 .fini0         0x00002fea        0x4 c:/winavr-20081205/bin/../lib/gcc/avr/4.3.2/avr5\libgcc.a(_exit.o)
 *(.fini0)
                0x00002fee                _etext = .

.data           0x00800060      0x10a load address 0x00002fee
                0x00800060                PROVIDE (__data_start, .)
 *(.data)
 .data          0x00800060        0x0 c:/winavr-20081205/bin/../lib/gcc/avr/4.3.2/../../../../avr/lib/avr5/crtm32.o
 .data          0x00800060        0x0 Proto2.o
 .data          0x00800060        0x0 ADCcontrol.o
 .data          0x00800060        0x0 LedsControl.o
 .data          0x00800060        0x0 moteur.o
 .data          0x00800060        0x0 motorControl.o
 .data          0x00800060        0x0 portsControl.o
 .data          0x00800060        0x0 sonars.o
 .data          0x00800060        0x0 timer.o
 .data          0x00800060        0x1 uart.o
 .data          0x00800061        0x0 c:/winavr-20081205/bin/../lib/gcc/avr/4.3.2/avr5\libgcc.a(_udivmodhi4.o)
 .data          0x00800061        0x0 c:/winavr-20081205/bin/../lib/gcc/avr/4.3.2/avr5\libgcc.a(_exit.o)
 .data          0x00800061        0x0 c:/winavr-20081205/bin/../lib/gcc/avr/4.3.2/avr5\libgcc.a(_copy_data.o)
 .data          0x00800061        0x0 c:/winavr-20081205/bin/../lib/gcc/avr/4.3.2/avr5\libgcc.a(_clear_bss.o)
 .data          0x00800061        0x0 c:/winavr-20081205/bin/../lib/gcc/avr/4.3.2/avr5\libgcc.a(_addsub_sf.o)
 .data          0x00800061        0x0 c:/winavr-20081205/bin/../lib/gcc/avr/4.3.2/avr5\libgcc.a(_mul_sf.o)
 .data          0x00800061        0x0 c:/winavr-20081205/bin/../lib/gcc/avr/4.3.2/avr5\libgcc.a(_div_sf.o)
 .data          0x00800061        0x0 c:/winavr-20081205/bin/../lib/gcc/avr/4.3.2/avr5\libgcc.a(_gt_sf.o)
 .data          0x00800061        0x0 c:/winavr-20081205/bin/../lib/gcc/avr/4.3.2/avr5\libgcc.a(_ge_sf.o)
 .data          0x00800061        0x0 c:/winavr-20081205/bin/../lib/gcc/avr/4.3.2/avr5\libgcc.a(_lt_sf.o)
 .data          0x00800061        0x0 c:/winavr-20081205/bin/../lib/gcc/avr/4.3.2/avr5\libgcc.a(_le_sf.o)
 .data          0x00800061        0x0 c:/winavr-20081205/bin/../lib/gcc/avr/4.3.2/avr5\libgcc.a(_si_to_sf.o)
 .data          0x00800061        0x0 c:/winavr-20081205/bin/../lib/gcc/avr/4.3.2/avr5\libgcc.a(_sf_to_si.o)
 .data          0x00800061        0x8 c:/winavr-20081205/bin/../lib/gcc/avr/4.3.2/avr5\libgcc.a(_thenan_sf.o)
                0x00800061                __thenan_sf
 .data          0x00800069        0x0 c:/winavr-20081205/bin/../lib/gcc/avr/4.3.2/avr5\libgcc.a(_usi_to_sf.o)
 .data          0x00800069        0x0 c:/winavr-20081205/bin/../lib/gcc/avr/4.3.2/avr5\libgcc.a(_prologue.o)
 .data          0x00800069        0x0 c:/winavr-20081205/bin/../lib/gcc/avr/4.3.2/avr5\libgcc.a(_epilogue.o)
 .data          0x00800069        0x0 c:/winavr-20081205/bin/../lib/gcc/avr/4.3.2/avr5\libgcc.a(_clzsi2.o)
 .data          0x00800069        0x0 c:/winavr-20081205/bin/../lib/gcc/avr/4.3.2/avr5\libgcc.a(_pack_sf.o)
 .data          0x00800069        0x0 c:/winavr-20081205/bin/../lib/gcc/avr/4.3.2/avr5\libgcc.a(_unpack_sf.o)
 .data          0x00800069        0x0 c:/winavr-20081205/bin/../lib/gcc/avr/4.3.2/avr5\libgcc.a(_fpcmp_parts_sf.o)
 .data          0x00800069      0x100 c:/winavr-20081205/bin/../lib/gcc/avr/4.3.2/avr5\libgcc.a(_clz.o)
                0x00800069                __clz_tab
 .data          0x00800169        0x0 c:/winavr-20081205/bin/../lib/gcc/avr/4.3.2/../../../../avr/lib/avr5\libc.a(strcpy.o)
 .data          0x00800169        0x0 c:/winavr-20081205/bin/../lib/gcc/avr/4.3.2/../../../../avr/lib/avr5\libc.a(strncpy.o)
 *(.data*)
 *(.rodata)
 *(.rodata*)
 *(.gnu.linkonce.d*)
                0x0080016a                . = ALIGN (0x2)
 *fill*         0x00800169        0x1 00
                0x0080016a                _edata = .
                0x0080016a                PROVIDE (__data_end, .)

.bss            0x0080016a      0x141
                0x0080016a                PROVIDE (__bss_start, .)
 *(.bss)
 .bss           0x0080016a        0x0 c:/winavr-20081205/bin/../lib/gcc/avr/4.3.2/../../../../avr/lib/avr5/crtm32.o
 .bss           0x0080016a        0x0 Proto2.o
 .bss           0x0080016a        0x0 ADCcontrol.o
 .bss           0x0080016a        0x0 LedsControl.o
 .bss           0x0080016a       0x20 moteur.o
 .bss           0x0080018a        0x0 motorControl.o
 .bss           0x0080018a        0x0 portsControl.o
 .bss           0x0080018a        0x0 sonars.o
 .bss           0x0080018a        0x0 timer.o
 .bss           0x0080018a        0x0 uart.o
 .bss           0x0080018a        0x0 c:/winavr-20081205/bin/../lib/gcc/avr/4.3.2/avr5\libgcc.a(_udivmodhi4.o)
 .bss           0x0080018a        0x0 c:/winavr-20081205/bin/../lib/gcc/avr/4.3.2/avr5\libgcc.a(_exit.o)
 .bss           0x0080018a        0x0 c:/winavr-20081205/bin/../lib/gcc/avr/4.3.2/avr5\libgcc.a(_copy_data.o)
 .bss           0x0080018a        0x0 c:/winavr-20081205/bin/../lib/gcc/avr/4.3.2/avr5\libgcc.a(_clear_bss.o)
 .bss           0x0080018a        0x0 c:/winavr-20081205/bin/../lib/gcc/avr/4.3.2/avr5\libgcc.a(_addsub_sf.o)
 .bss           0x0080018a        0x0 c:/winavr-20081205/bin/../lib/gcc/avr/4.3.2/avr5\libgcc.a(_mul_sf.o)
 .bss           0x0080018a        0x0 c:/winavr-20081205/bin/../lib/gcc/avr/4.3.2/avr5\libgcc.a(_div_sf.o)
 .bss           0x0080018a        0x0 c:/winavr-20081205/bin/../lib/gcc/avr/4.3.2/avr5\libgcc.a(_gt_sf.o)
 .bss           0x0080018a        0x0 c:/winavr-20081205/bin/../lib/gcc/avr/4.3.2/avr5\libgcc.a(_ge_sf.o)
 .bss           0x0080018a        0x0 c:/winavr-20081205/bin/../lib/gcc/avr/4.3.2/avr5\libgcc.a(_lt_sf.o)
 .bss           0x0080018a        0x0 c:/winavr-20081205/bin/../lib/gcc/avr/4.3.2/avr5\libgcc.a(_le_sf.o)
 .bss           0x0080018a        0x0 c:/winavr-20081205/bin/../lib/gcc/avr/4.3.2/avr5\libgcc.a(_si_to_sf.o)
 .bss           0x0080018a        0x0 c:/winavr-20081205/bin/../lib/gcc/avr/4.3.2/avr5\libgcc.a(_sf_to_si.o)
 .bss           0x0080018a        0x0 c:/winavr-20081205/bin/../lib/gcc/avr/4.3.2/avr5\libgcc.a(_thenan_sf.o)
 .bss           0x0080018a        0x0 c:/winavr-20081205/bin/../lib/gcc/avr/4.3.2/avr5\libgcc.a(_usi_to_sf.o)
 .bss           0x0080018a        0x0 c:/winavr-20081205/bin/../lib/gcc/avr/4.3.2/avr5\libgcc.a(_prologue.o)
 .bss           0x0080018a        0x0 c:/winavr-20081205/bin/../lib/gcc/avr/4.3.2/avr5\libgcc.a(_epilogue.o)
 .bss           0x0080018a        0x0 c:/winavr-20081205/bin/../lib/gcc/avr/4.3.2/avr5\libgcc.a(_clzsi2.o)
 .bss           0x0080018a        0x0 c:/winavr-20081205/bin/../lib/gcc/avr/4.3.2/avr5\libgcc.a(_pack_sf.o)
 .bss           0x0080018a        0x0 c:/winavr-20081205/bin/../lib/gcc/avr/4.3.2/avr5\libgcc.a(_unpack_sf.o)
 .bss           0x0080018a        0x0 c:/winavr-20081205/bin/../lib/gcc/avr/4.3.2/avr5\libgcc.a(_fpcmp_parts_sf.o)
 .bss           0x0080018a        0x0 c:/winavr-20081205/bin/../lib/gcc/avr/4.3.2/avr5\libgcc.a(_clz.o)
 .bss           0x0080018a        0x0 c:/winavr-20081205/bin/../lib/gcc/avr/4.3.2/../../../../avr/lib/avr5\libc.a(strcpy.o)
 .bss           0x0080018a        0x0 c:/winavr-20081205/bin/../lib/gcc/avr/4.3.2/../../../../avr/lib/avr5\libc.a(strncpy.o)
 *(.bss*)
 *(COMMON)
 COMMON         0x0080018a      0x121 Proto2.o
                0x0080018a                computedCommand
                0x00800192                adcValues
                0x0080019a                twiStateMachine
                0x0080019b                debugStreamPos
                0x0080019c                objectDetectedLeft
                0x0080019d                rightLimits
                0x008001c1                ADCcalib_value
                0x008001c5                leftPingFlag
                0x008001c6                string_valueToSend
                0x008001ca                patate
                0x008001cb                timer1ReadyFlag
                0x008001cc                adcCompletedFlag
                0x008001cd                dataToCompute
                0x008001ce                pingCounter
                0x008001cf                convertedMotorSpeed
                0x008001d3                patate2
                0x008001d4                ActualValueRight
                0x008001d6                debugValueToSend
                0x008001e0                leftObjectLed
                0x008001e1                dutyCycleRight
                0x008001e5                TWIstate
                0x008001e6                ledState
                0x008001ee                SonarData
                0x008001fc                adcMUXValue
                0x008001fd                actualCommand
                0x008001ff                requestedCommand
                0x00800201                i
                0x00800202                stopFlag
                0x00800203                allo
                0x00800207                rightPingFlag
                0x00800208                rightObjectLed
                0x00800209                TotalValueLeft
                0x0080020b                leftLimits
                0x0080022f                data
                0x00800230                ReceiverState
                0x00800231                objectDetectedRight
                0x00800232                motorCommandCompletedFlag
                0x00800233                uartTxReady
                0x00800234                adcReadyFlag
                0x00800235                ActualValueLeft
                0x00800237                adcCalibrationFlag
                0x00800238                debugStream
                0x0080029c                motorReadyFlag
                0x0080029d                robotState
                0x0080029e                motorDirection
                0x0080029f                uartLedFlag
                0x008002a0                echo_on_flag
                0x008002a1                dutyCycleLeft
                0x008002a5                TotalValueRight
                0x008002a7                adcValuesCounter
                0x008002a9                adcCompileReadyFlag
                0x008002aa                uartReadyFlag
                0x008002ab                PROVIDE (__bss_end, .)
                0x00002fee                __data_load_start = LOADADDR (.data)
                0x000030f8                __data_load_end = (__data_load_start + SIZEOF (.data))

.noinit         0x008002ab        0x0
                0x008002ab                PROVIDE (__noinit_start, .)
 *(.noinit*)
                0x008002ab                PROVIDE (__noinit_end, .)
                0x008002ab                _end = .
                0x008002ab                PROVIDE (__heap_start, .)

.eeprom         0x00810000        0x0
 *(.eeprom*)
                0x00810000                __eeprom_end = .

.fuse
 *(.fuse)
 *(.lfuse)
 *(.hfuse)
 *(.efuse)

.lock
 *(.lock*)

.signature
 *(.signature*)

.stab
 *(.stab)

.stabstr
 *(.stabstr)

.stab.excl
 *(.stab.excl)

.stab.exclstr
 *(.stab.exclstr)

.stab.index
 *(.stab.index)

.stab.indexstr
 *(.stab.indexstr)

.comment
 *(.comment)

.debug
 *(.debug)

.line
 *(.line)

.debug_srcinfo
 *(.debug_srcinfo)

.debug_sfnames
 *(.debug_sfnames)

.debug_aranges  0x00000000      0x120
 *(.debug_aranges)
 .debug_aranges
                0x00000000       0x20 Proto2.o
 .debug_aranges
                0x00000020       0x20 ADCcontrol.o
 .debug_aranges
                0x00000040       0x20 LedsControl.o
 .debug_aranges
                0x00000060       0x20 moteur.o
 .debug_aranges
                0x00000080       0x20 motorControl.o
 .debug_aranges
                0x000000a0       0x20 portsControl.o
 .debug_aranges
                0x000000c0       0x20 sonars.o
 .debug_aranges
                0x000000e0       0x20 timer.o
 .debug_aranges
                0x00000100       0x20 uart.o

.debug_pubnames
                0x00000000     0x1154
 *(.debug_pubnames)
 .debug_pubnames
                0x00000000      0x3b9 Proto2.o
 .debug_pubnames
                0x000003b9      0x367 ADCcontrol.o
 .debug_pubnames
                0x00000720      0x100 LedsControl.o
 .debug_pubnames
                0x00000820       0x20 moteur.o
 .debug_pubnames
                0x00000840      0x22c motorControl.o
 .debug_pubnames
                0x00000a6c      0x124 portsControl.o
 .debug_pubnames
                0x00000b90      0x145 sonars.o
 .debug_pubnames
                0x00000cd5      0x154 timer.o
 .debug_pubnames
                0x00000e29      0x32b uart.o

.debug_info     0x00000000     0x2454
 *(.debug_info)
 .debug_info    0x00000000      0x705 Proto2.o
 .debug_info    0x00000705      0x699 ADCcontrol.o
 .debug_info    0x00000d9e      0x20d LedsControl.o
 .debug_info    0x00000fab      0x13f moteur.o
 .debug_info    0x000010ea      0x499 motorControl.o
 .debug_info    0x00001583      0x2d0 portsControl.o
 .debug_info    0x00001853      0x2e1 sonars.o
 .debug_info    0x00001b34      0x2da timer.o
 .debug_info    0x00001e0e      0x646 uart.o
 *(.gnu.linkonce.wi.*)

.debug_abbrev   0x00000000      0x6a3
 *(.debug_abbrev)
 .debug_abbrev  0x00000000       0xac Proto2.o
 .debug_abbrev  0x000000ac       0xe8 ADCcontrol.o
 .debug_abbrev  0x00000194       0xdf LedsControl.o
 .debug_abbrev  0x00000273       0x86 moteur.o
 .debug_abbrev  0x000002f9       0xc2 motorControl.o
 .debug_abbrev  0x000003bb       0xc2 portsControl.o
 .debug_abbrev  0x0000047d       0x93 sonars.o
 .debug_abbrev  0x00000510       0x7e timer.o
 .debug_abbrev  0x0000058e      0x115 uart.o

.debug_line     0x00000000     0x1907
 *(.debug_line)
 .debug_line    0x00000000      0x12c Proto2.o
 .debug_line    0x0000012c      0x695 ADCcontrol.o
 .debug_line    0x000007c1      0x3bc LedsControl.o
 .debug_line    0x00000b7d       0xf8 moteur.o
 .debug_line    0x00000c75      0x261 motorControl.o
 .debug_line    0x00000ed6      0x147 portsControl.o
 .debug_line    0x0000101d      0x46e sonars.o
 .debug_line    0x0000148b      0x119 timer.o
 .debug_line    0x000015a4      0x363 uart.o

.debug_frame    0x00000000      0x360
 *(.debug_frame)
 .debug_frame   0x00000000       0x20 Proto2.o
 .debug_frame   0x00000020       0xb0 ADCcontrol.o
 .debug_frame   0x000000d0       0x90 LedsControl.o
 .debug_frame   0x00000160       0x20 moteur.o
 .debug_frame   0x00000180       0x60 motorControl.o
 .debug_frame   0x000001e0       0x40 portsControl.o
 .debug_frame   0x00000220       0x70 sonars.o
 .debug_frame   0x00000290       0x40 timer.o
 .debug_frame   0x000002d0       0x90 uart.o

.debug_str      0x00000000      0x7cf
 *(.debug_str)
 .debug_str     0x00000000      0x4e6 Proto2.o
                                0x548 (size before relaxing)
 .debug_str     0x000004e6       0x88 ADCcontrol.o
                                0x505 (size before relaxing)
 .debug_str     0x0000056e       0x7a LedsControl.o
                                0x1b1 (size before relaxing)
 .debug_str     0x000005e8       0x5a moteur.o
                                 0xa3 (size before relaxing)
 .debug_str     0x00000642       0x59 motorControl.o
                                0x3a7 (size before relaxing)
 .debug_str     0x0000069b       0x36 portsControl.o
                                0x275 (size before relaxing)
 .debug_str     0x000006d1       0x54 sonars.o
                                0x288 (size before relaxing)
 .debug_str     0x00000725       0x30 timer.o
                                0x296 (size before relaxing)
 .debug_str     0x00000755       0x7a uart.o
                                0x477 (size before relaxing)

.debug_loc      0x00000000      0x22f
 *(.debug_loc)
 .debug_loc     0x00000000      0x152 moteur.o
 .debug_loc     0x00000152       0xdd uart.o

.debug_macinfo
 *(.debug_macinfo)
OUTPUT(Proto2.elf elf32-avr)
LOAD linker stubs
